Archive member included to satisfy reference by file (symbol)

../Middlewares/ST/ARM/DSP/Lib\libarm_cortexM4lf_math.a(arm_rfft_fast_init_f32.o)
                              ./Core/Src/main.o (arm_rfft_fast_init_f32)
../Middlewares/ST/ARM/DSP/Lib\libarm_cortexM4lf_math.a(arm_rfft_fast_f32.o)
                              ./Core/Src/main.o (arm_rfft_fast_f32)
../Middlewares/ST/ARM/DSP/Lib\libarm_cortexM4lf_math.a(arm_cfft_f32.o)
                              ../Middlewares/ST/ARM/DSP/Lib\libarm_cortexM4lf_math.a(arm_rfft_fast_f32.o) (arm_cfft_f32)
../Middlewares/ST/ARM/DSP/Lib\libarm_cortexM4lf_math.a(arm_bitreversal2.o)
                              ../Middlewares/ST/ARM/DSP/Lib\libarm_cortexM4lf_math.a(arm_cfft_f32.o) (arm_bitreversal_32)
../Middlewares/ST/ARM/DSP/Lib\libarm_cortexM4lf_math.a(arm_common_tables.o)
                              ../Middlewares/ST/ARM/DSP/Lib\libarm_cortexM4lf_math.a(arm_rfft_fast_init_f32.o) (twiddleCoef_rfft_4096)
../Middlewares/ST/ARM/DSP/Lib\libarm_cortexM4lf_math.a(arm_cfft_radix8_f32.o)
                              ../Middlewares/ST/ARM/DSP/Lib\libarm_cortexM4lf_math.a(arm_cfft_f32.o) (arm_radix8_butterfly_f32)
C:/ST/STM32CubeIDE_1.13.2/STM32CubeIDE/plugins/com.st.stm32cube.ide.mcu.externaltools.gnu-tools-for-stm32.11.3.rel1.win32_1.1.1.202309131626/tools/bin/../lib/gcc/arm-none-eabi/11.3.1/../../../../arm-none-eabi/lib/thumb/v7e-m+fp/hard\libc_nano.a(libc_a-exit.o)
                              C:/ST/STM32CubeIDE_1.13.2/STM32CubeIDE/plugins/com.st.stm32cube.ide.mcu.externaltools.gnu-tools-for-stm32.11.3.rel1.win32_1.1.1.202309131626/tools/bin/../lib/gcc/arm-none-eabi/11.3.1/../../../../arm-none-eabi/lib/thumb/v7e-m+fp/hard/crt0.o (exit)
C:/ST/STM32CubeIDE_1.13.2/STM32CubeIDE/plugins/com.st.stm32cube.ide.mcu.externaltools.gnu-tools-for-stm32.11.3.rel1.win32_1.1.1.202309131626/tools/bin/../lib/gcc/arm-none-eabi/11.3.1/../../../../arm-none-eabi/lib/thumb/v7e-m+fp/hard\libc_nano.a(libc_a-findfp.o)
                              C:/ST/STM32CubeIDE_1.13.2/STM32CubeIDE/plugins/com.st.stm32cube.ide.mcu.externaltools.gnu-tools-for-stm32.11.3.rel1.win32_1.1.1.202309131626/tools/bin/../lib/gcc/arm-none-eabi/11.3.1/../../../../arm-none-eabi/lib/thumb/v7e-m+fp/hard\libc_nano.a(libc_a-exit.o) (__stdio_exit_handler)
C:/ST/STM32CubeIDE_1.13.2/STM32CubeIDE/plugins/com.st.stm32cube.ide.mcu.externaltools.gnu-tools-for-stm32.11.3.rel1.win32_1.1.1.202309131626/tools/bin/../lib/gcc/arm-none-eabi/11.3.1/../../../../arm-none-eabi/lib/thumb/v7e-m+fp/hard\libc_nano.a(libc_a-fwalk.o)
                              C:/ST/STM32CubeIDE_1.13.2/STM32CubeIDE/plugins/com.st.stm32cube.ide.mcu.externaltools.gnu-tools-for-stm32.11.3.rel1.win32_1.1.1.202309131626/tools/bin/../lib/gcc/arm-none-eabi/11.3.1/../../../../arm-none-eabi/lib/thumb/v7e-m+fp/hard\libc_nano.a(libc_a-findfp.o) (_fwalk_sglue)
C:/ST/STM32CubeIDE_1.13.2/STM32CubeIDE/plugins/com.st.stm32cube.ide.mcu.externaltools.gnu-tools-for-stm32.11.3.rel1.win32_1.1.1.202309131626/tools/bin/../lib/gcc/arm-none-eabi/11.3.1/../../../../arm-none-eabi/lib/thumb/v7e-m+fp/hard\libc_nano.a(libc_a-stdio.o)
                              C:/ST/STM32CubeIDE_1.13.2/STM32CubeIDE/plugins/com.st.stm32cube.ide.mcu.externaltools.gnu-tools-for-stm32.11.3.rel1.win32_1.1.1.202309131626/tools/bin/../lib/gcc/arm-none-eabi/11.3.1/../../../../arm-none-eabi/lib/thumb/v7e-m+fp/hard\libc_nano.a(libc_a-findfp.o) (__sread)
C:/ST/STM32CubeIDE_1.13.2/STM32CubeIDE/plugins/com.st.stm32cube.ide.mcu.externaltools.gnu-tools-for-stm32.11.3.rel1.win32_1.1.1.202309131626/tools/bin/../lib/gcc/arm-none-eabi/11.3.1/../../../../arm-none-eabi/lib/thumb/v7e-m+fp/hard\libc_nano.a(libc_a-memset.o)
                              C:/ST/STM32CubeIDE_1.13.2/STM32CubeIDE/plugins/com.st.stm32cube.ide.mcu.externaltools.gnu-tools-for-stm32.11.3.rel1.win32_1.1.1.202309131626/tools/bin/../lib/gcc/arm-none-eabi/11.3.1/../../../../arm-none-eabi/lib/thumb/v7e-m+fp/hard/crt0.o (memset)
C:/ST/STM32CubeIDE_1.13.2/STM32CubeIDE/plugins/com.st.stm32cube.ide.mcu.externaltools.gnu-tools-for-stm32.11.3.rel1.win32_1.1.1.202309131626/tools/bin/../lib/gcc/arm-none-eabi/11.3.1/../../../../arm-none-eabi/lib/thumb/v7e-m+fp/hard\libc_nano.a(libc_a-closer.o)
                              C:/ST/STM32CubeIDE_1.13.2/STM32CubeIDE/plugins/com.st.stm32cube.ide.mcu.externaltools.gnu-tools-for-stm32.11.3.rel1.win32_1.1.1.202309131626/tools/bin/../lib/gcc/arm-none-eabi/11.3.1/../../../../arm-none-eabi/lib/thumb/v7e-m+fp/hard\libc_nano.a(libc_a-stdio.o) (_close_r)
C:/ST/STM32CubeIDE_1.13.2/STM32CubeIDE/plugins/com.st.stm32cube.ide.mcu.externaltools.gnu-tools-for-stm32.11.3.rel1.win32_1.1.1.202309131626/tools/bin/../lib/gcc/arm-none-eabi/11.3.1/../../../../arm-none-eabi/lib/thumb/v7e-m+fp/hard\libc_nano.a(libc_a-reent.o)
[...]
Memory Configuration

Name             Origin             Length             Attributes
RAM              0x0000000020000000 0x0000000000018000 xrw
FLASH            0x0000000008000000 0x0000000000080000 xr
*default*        0x0000000000000000 0xffffffffffffffff

Linker script and memory map

LOAD C:/ST/STM32CubeIDE_1.13.2/STM32CubeIDE/plugins/com.st.stm32cube.ide.mcu.externaltools.gnu-tools-for-stm32.11.3.rel1.win32_1.1.1.202309131626/tools/bin/../lib/gcc/arm-none-eabi/11.3.1/thumb/v7e-m+fp/hard/crti.o
LOAD C:/ST/STM32CubeIDE_1.13.2/STM32CubeIDE/plugins/com.st.stm32cube.ide.mcu.externaltools.gnu-tools-for-stm32.11.3.rel1.win32_1.1.1.202309131626/tools/bin/../lib/gcc/arm-none-eabi/11.3.1/thumb/v7e-m+fp/hard/crtbegin.o
LOAD C:/ST/STM32CubeIDE_1.13.2/STM32CubeIDE/plugins/com.st.stm32cube.ide.mcu.externaltools.gnu-tools-for-stm32.11.3.rel1.win32_1.1.1.202309131626/tools/bin/../lib/gcc/arm-none-eabi/11.3.1/../../../../arm-none-eabi/lib/thumb/v7e-m+fp/hard/crt0.o
LOAD ./Core/Src/main.o
LOAD ./Core/Src/stm32f4xx_hal_msp.o
LOAD ./Core/Src/stm32f4xx_it.o
LOAD ./Core/Src/syscalls.o
LOAD ./Core/Src/sysmem.o
LOAD ./Core/Src/system_stm32f4xx.o
LOAD ./Core/Startup/startup_stm32f401retx.o
LOAD ./Drivers/STM32F4xx_HAL_Driver/Src/stm32f4xx_hal.o
LOAD ./Drivers/STM32F4xx_HAL_Driver/Src/stm32f4xx_hal_adc.o
LOAD ./Drivers/STM32F4xx_HAL_Driver/Src/stm32f4xx_hal_adc_ex.o
LOAD ./Drivers/STM32F4xx_HAL_Driver/Src/stm32f4xx_hal_cortex.o
LOAD ./Drivers/STM32F4xx_HAL_Driver/Src/stm32f4xx_hal_dma.o
LOAD ./Drivers/STM32F4xx_HAL_Driver/Src/stm32f4xx_hal_dma_ex.o
LOAD ./Drivers/STM32F4xx_HAL_Driver/Src/stm32f4xx_hal_exti.o
LOAD ./Drivers/STM32F4xx_HAL_Driver/Src/stm32f4xx_hal_flash.o
LOAD ./Drivers/STM32F4xx_HAL_Driver/Src/stm32f4xx_hal_flash_ex.o
LOAD ./Drivers/STM32F4xx_HAL_Driver/Src/stm32f4xx_hal_flash_ramfunc.o
LOAD ./Drivers/STM32F4xx_HAL_Driver/Src/stm32f4xx_hal_gpio.o
LOAD ./Drivers/STM32F4xx_HAL_Driver/Src/stm32f4xx_hal_pwr.o
LOAD ./Drivers/STM32F4xx_HAL_Driver/Src/stm32f4xx_hal_pwr_ex.o
LOAD ./Drivers/STM32F4xx_HAL_Driver/Src/stm32f4xx_hal_rcc.o
LOAD ./Drivers/STM32F4xx_HAL_Driver/Src/stm32f4xx_hal_rcc_ex.o
LOAD ./Drivers/STM32F4xx_HAL_Driver/Src/stm32f4xx_hal_tim.o
LOAD ./Drivers/STM32F4xx_HAL_Driver/Src/stm32f4xx_hal_tim_ex.o
LOAD ./Drivers/STM32F4xx_HAL_Driver/Src/stm32f4xx_hal_uart.o
LOAD ./Drivers/STM32F4xx_HAL_Driver/Src/stm32f4xx_ll_adc.o
LOAD ../Middlewares/ST/ARM/DSP/Lib\libarm_cortexM4lf_math.a
START GROUP
LOAD C:/ST/STM32CubeIDE_1.13.2/STM32CubeIDE/plugins/com.st.stm32cube.ide.mcu.externaltools.gnu-tools-for-stm32.11.3.rel1.win32_1.1.1.202309131626/tools/bin/../lib/gcc/arm-none-eabi/11.3.1/../../../../arm-none-eabi/lib/thumb/v7e-m+fp/hard\libc_nano.a
LOAD C:/ST/STM32CubeIDE_1.13.2/STM32CubeIDE/plugins/com.st.stm32cube.ide.mcu.externaltools.gnu-tools-for-stm32.11.3.rel1.win32_1.1.1.202309131626/tools/bin/../lib/gcc/arm-none-eabi/11.3.1/../../../../arm-none-eabi/lib/thumb/v7e-m+fp/hard\libm.a
END GROUP
START GROUP
LOAD C:/ST/STM32CubeIDE_1.13.2/STM32CubeIDE/plugins/com.st.stm32cube.ide.mcu.externaltools.gnu-tools-for-stm32.11.3.rel1.win32_1.1.1.202309131626/tools/bin/../lib/gcc/arm-none-eabi/11.3.1/thumb/v7e-m+fp/hard\libgcc.a
LOAD C:/ST/STM32CubeIDE_1.13.2/STM32CubeIDE/plugins/com.st.stm32cube.ide.mcu.externaltools.gnu-tools-for-stm32.11.3.rel1.win32_1.1.1.202309131626/tools/bin/../lib/gcc/arm-none-eabi/11.3.1/../../../../arm-none-eabi/lib/thumb/v7e-m+fp/hard\libc_nano.a
END GROUP
START GROUP
LOAD C:/ST/STM32CubeIDE_1.13.2/STM32CubeIDE/plugins/com.st.stm32cube.ide.mcu.externaltools.gnu-tools-for-stm32.11.3.rel1.win32_1.1.1.202309131626/tools/bin/../lib/gcc/arm-none-eabi/11.3.1/thumb/v7e-m+fp/hard\libgcc.a
LOAD C:/ST/STM32CubeIDE_1.13.2/STM32CubeIDE/plugins/com.st.stm32cube.ide.mcu.externaltools.gnu-tools-for-stm32.11.3.rel1.win32_1.1.1.202309131626/tools/bin/../lib/gcc/arm-none-eabi/11.3.1/../../../../arm-none-eabi/lib/thumb/v7e-m+fp/hard\libc_nano.a
LOAD C:/ST/STM32CubeIDE_1.13.2/STM32CubeIDE/plugins/com.st.stm32cube.ide.mcu.externaltools.gnu-tools-for-stm32.11.3.rel1.win32_1.1.1.202309131626/tools/bin/../lib/gcc/arm-none-eabi/11.3.1/../../../../arm-none-eabi/lib/thumb/v7e-m+fp/hard\libnosys.a
END GROUP
START GROUP
LOAD C:/ST/STM32CubeIDE_1.13.2/STM32CubeIDE/plugins/com.st.stm32cube.ide.mcu.externaltools.gnu-tools-for-stm32.11.3.rel1.win32_1.1.1.202309131626/tools/bin/../lib/gcc/arm-none-eabi/11.3.1/thumb/v7e-m+fp/hard\libgcc.a
LOAD C:/ST/STM32CubeIDE_1.13.2/STM32CubeIDE/plugins/com.st.stm32cube.ide.mcu.externaltools.gnu-tools-for-stm32.11.3.rel1.win32_1.1.1.202309131626/tools/bin/../lib/gcc/arm-none-eabi/11.3.1/../../../../arm-none-eabi/lib/thumb/v7e-m+fp/hard\libc_nano.a
LOAD C:/ST/STM32CubeIDE_1.13.2/STM32CubeIDE/plugins/com.st.stm32cube.ide.mcu.externaltools.gnu-tools-for-stm32.11.3.rel1.win32_1.1.1.202309131626/tools/bin/../lib/gcc/arm-none-eabi/11.3.1/../../../../arm-none-eabi/lib/thumb/v7e-m+fp/hard\libnosys.a
END GROUP
LOAD C:/ST/STM32CubeIDE_1.13.2/STM32CubeIDE/plugins/com.st.stm32cube.ide.mcu.externaltools.gnu-tools-for-stm32.11.3.rel1.win32_1.1.1.202309131626/tools/bin/../lib/gcc/arm-none-eabi/11.3.1/thumb/v7e-m+fp/hard/crtend.o
LOAD C:/ST/STM32CubeIDE_1.13.2/STM32CubeIDE/plugins/com.st.stm32cube.ide.mcu.externaltools.gnu-tools-for-stm32.11.3.rel1.win32_1.1.1.202309131626/tools/bin/../lib/gcc/arm-none-eabi/11.3.1/thumb/v7e-m+fp/hard/crtn.o
                0x0000000020018000                _estack = (ORIGIN (RAM) + LENGTH (RAM))
                0x0000000000000200                _Min_Heap_Size = 0x200
                0x0000000000000400                _Min_Stack_Size = 0x400

.isr_vector     0x0000000008000000      0x194
                0x0000000008000000                . = ALIGN (0x4)
 *(.isr_vector)
 .isr_vector    0x0000000008000000      0x194 ./Core/Startup/startup_stm32f401retx.o
                0x0000000008000000                g_pfnVectors
                0x0000000008000194                . = ALIGN (0x4)

.text           0x0000000008000194     0x4bc8
                0x0000000008000194                . = ALIGN (0x4)
 *(.text)
 .text          0x0000000008000194       0x40 C:/ST/STM32CubeIDE_1.13.2/STM32CubeIDE/plugins/com.st.stm32cube.ide.mcu.externaltools.gnu-tools-for-stm32.11.3.rel1.win32_1.1.1.202309131626/tools/bin/../lib/gcc/arm-none-eabi/11.3.1/thumb/v7e-m+fp/hard/crtbegin.o
 .text          0x00000000080001d4      0x378 C:/ST/STM32CubeIDE_1.13.2/STM32CubeIDE/plugins/com.st.stm32cube.ide.mcu.externaltools.gnu-tools-for-stm32.11.3.rel1.win32_1.1.1.202309131626/tools/bin/../lib/gcc/arm-none-eabi/11.3.1/thumb/v7e-m+fp/hard\libgcc.a(_arm_addsubdf3.o)
                0x00000000080001d4                __aeabi_drsub
                0x00000000080001dc                __aeabi_dsub
                0x00000000080001dc                __subdf3
                0x00000000080001e0                __aeabi_dadd
                0x00000000080001e0                __adddf3
                0x0000000008000458                __floatunsidf
                0x0000000008000458                __aeabi_ui2d
                0x0000000008000478                __floatsidf
                0x0000000008000478                __aeabi_i2d
                0x000000000800049c                __aeabi_f2d
                0x000000000800049c                __extendsfdf2
                0x00000000080004e0                __floatundidf
                0x00000000080004e0                __aeabi_ul2d
                0x00000000080004f0                __floatdidf
                0x00000000080004f0                __aeabi_l2d
 .text          0x000000000800054c      0x424 C:/ST/STM32CubeIDE_1.13.2/STM32CubeIDE/plugins/com.st.stm32cube.ide.mcu.externaltools.gnu-tools-for-stm32.11.3.rel1.win32_1.1.1.202309131626/tools/bin/../lib/gcc/arm-none-eabi/11.3.1/thumb/v7e-m+fp/hard\libgcc.a(_arm_muldivdf3.o)
                0x000000000800054c                __aeabi_dmul
                0x000000000800054c                __muldf3
                0x00000000080007a0                __divdf3
                0x00000000080007a0                __aeabi_ddiv
 .text          0x0000000008000970      0x110 C:/ST/STM32CubeIDE_1.13.2/STM32CubeIDE/plugins/com.st.stm32cube.ide.mcu.externaltools.gnu-tools-for-stm32.11.3.rel1.win32_1.1.1.202309131626/tools/bin/../lib/gcc/arm-none-eabi/11.3.1/thumb/v7e-m+fp/hard\libgcc.a(_arm_cmpdf2.o)
                0x0000000008000970                __gtdf2
                0x0000000008000970                __gedf2
                0x0000000008000978                __ltdf2
                0x0000000008000978                __ledf2
                0x0000000008000980                __nedf2
                0x0000000008000980                __eqdf2
                0x0000000008000980                __cmpdf2
                0x00000000080009fc                __aeabi_cdrcmple
                0x0000000008000a0c                __aeabi_cdcmpeq
                0x0000000008000a0c                __aeabi_cdcmple
                0x0000000008000a1c                __aeabi_dcmpeq
                0x0000000008000a30                __aeabi_dcmplt
                0x0000000008000a44                __aeabi_dcmple
                0x0000000008000a58                __aeabi_dcmpge
                0x0000000008000a6c                __aeabi_dcmpgt
 .text          0x0000000008000a80       0x2c C:/ST/STM32CubeIDE_1.13.2/STM32CubeIDE/plugins/com.st.stm32cube.ide.mcu.externaltools.gnu-tools-for-stm32.11.3.rel1.win32_1.1.1.202309131626/tools/bin/../lib/gcc/arm-none-eabi/11.3.1/thumb/v7e-m+fp/hard\libgcc.a(_arm_unorddf2.o)
                0x0000000008000a80                __unorddf2
                0x0000000008000a80                __aeabi_dcmpun
 .text          0x0000000008000aac       0xa0 C:/ST/STM32CubeIDE_1.13.2/STM32CubeIDE/plugins/com.st.stm32cube.ide.mcu.externaltools.gnu-tools-for-stm32.11.3.rel1.win32_1.1.1.202309131626/tools/bin/../lib/gcc/arm-none-eabi/11.3.1/thumb/v7e-m+fp/hard\libgcc.a(_arm_truncdfsf2.o)
                0x0000000008000aac                __truncdfsf2
                0x0000000008000aac                __aeabi_d2f
 .text          0x0000000008000b4c       0x30 C:/ST/STM32CubeIDE_1.13.2/STM32CubeIDE/plugins/com.st.stm32cube.ide.mcu.externaltools.gnu-tools-for-stm32.11.3.rel1.win32_1.1.1.202309131626/tools/bin/../lib/gcc/arm-none-eabi/11.3.1/thumb/v7e-m+fp/hard\libgcc.a(_aeabi_uldivmod.o)
                0x0000000008000b4c                __aeabi_uldivmod
 .text          0x0000000008000b7c      0x2c8 C:/ST/STM32CubeIDE_1.13.2/STM32CubeIDE/plugins/com.st.stm32cube.ide.mcu.externaltools.gnu-tools-for-stm32.11.3.rel1.win32_1.1.1.202309131626/tools/bin/../lib/gcc/arm-none-eabi/11.3.1/thumb/v7e-m+fp/hard\libgcc.a(_udivmoddi4.o)
                0x0000000008000b7c                __udivmoddi4
 .text          0x0000000008000e44        0x4 C:/ST/STM32CubeIDE_1.13.2/STM32CubeIDE/plugins/com.st.stm32cube.ide.mcu.externaltools.gnu-tools-for-stm32.11.3.rel1.win32_1.1.1.202309131626/tools/bin/../lib/gcc/arm-none-eabi/11.3.1/thumb/v7e-m+fp/hard\libgcc.a(_dvmd_tls.o)
                0x0000000008000e44                __aeabi_idiv0
                0x0000000008000e44                __aeabi_ldiv0
 *(.text*)
 .text.main     0x0000000008000e48      0x130 ./Core/Src/main.o
                0x0000000008000e48                main
 .text.SystemClock_Config
                0x0000000008000f78       0xd8 ./Core/Src/main.o
                0x0000000008000f78                SystemClock_Config
 .text.MX_ADC1_Init
                0x0000000008001050       0xa4 ./Core/Src/main.o
 .text.MX_TIM10_Init
                0x00000000080010f4       0x48 ./Core/Src/main.o
 .text.MX_USART2_UART_Init
                0x000000000800113c       0x54 ./Core/Src/main.o
 .text.MX_GPIO_Init
                0x0000000008001190       0xdc ./Core/Src/main.o
 .text.HAL_TIM_PeriodElapsedCallback
                0x000000000800126c       0x20 ./Core/Src/main.o
                0x000000000800126c                HAL_TIM_PeriodElapsedCallback
 .text.HAL_ADC_ConvCpltCallback
                0x000000000800128c       0x48 ./Core/Src/main.o
                0x000000000800128c                HAL_ADC_ConvCpltCallback
 .text.dofft    0x00000000080012d4      0x17c ./Core/Src/main.o
                0x00000000080012d4                dofft
 .text.Error_Handler
                0x0000000008001450       0x1c ./Core/Src/main.o
                0x0000000008001450                Error_Handler
 .text.HAL_MspInit
                0x000000000800146c       0x50 ./Core/Src/stm32f4xx_hal_msp.o
                0x000000000800146c                HAL_MspInit
 .text.HAL_ADC_MspInit
                0x00000000080014bc       0x98 ./Core/Src/stm32f4xx_hal_msp.o
                0x00000000080014bc                HAL_ADC_MspInit
 .text.HAL_TIM_Base_MspInit
                0x0000000008001554       0x50 ./Core/Src/stm32f4xx_hal_msp.o
                0x0000000008001554                HAL_TIM_Base_MspInit
 .text.HAL_UART_MspInit
                0x00000000080015a4       0x90 ./Core/Src/stm32f4xx_hal_msp.o
                0x00000000080015a4                HAL_UART_MspInit
 .text.NMI_Handler
                0x0000000008001634        0x6 ./Core/Src/stm32f4xx_it.o
                0x0000000008001634                NMI_Handler
 .text.HardFault_Handler
                0x000000000800163a        0x6 ./Core/Src/stm32f4xx_it.o
                0x000000000800163a                HardFault_Handler
 .text.MemManage_Handler
                0x0000000008001640        0x6 ./Core/Src/stm32f4xx_it.o
                0x0000000008001640                MemManage_Handler
 .text.BusFault_Handler
                0x0000000008001646        0x6 ./Core/Src/stm32f4xx_it.o
                0x0000000008001646                BusFault_Handler
 .text.UsageFault_Handler
                0x000000000800164c        0x6 ./Core/Src/stm32f4xx_it.o
                0x000000000800164c                UsageFault_Handler
 .text.SVC_Handler
                0x0000000008001652        0xe ./Core/Src/stm32f4xx_it.o
                0x0000000008001652                SVC_Handler
 .text.DebugMon_Handler
                0x0000000008001660        0xe ./Core/Src/stm32f4xx_it.o
                0x0000000008001660                DebugMon_Handler
 .text.PendSV_Handler
                0x000000000800166e        0xe ./Core/Src/stm32f4xx_it.o
                0x000000000800166e                PendSV_Handler
 .text.SysTick_Handler
                0x000000000800167c        0xc ./Core/Src/stm32f4xx_it.o
                0x000000000800167c                SysTick_Handler
 .text.ADC_IRQHandler
                0x0000000008001688       0x14 ./Core/Src/stm32f4xx_it.o
                0x0000000008001688                ADC_IRQHandler
 .text.TIM1_UP_TIM10_IRQHandler
                0x000000000800169c       0x14 ./Core/Src/stm32f4xx_it.o
                0x000000000800169c                TIM1_UP_TIM10_IRQHandler
 .text.SystemInit
                0x00000000080016b0       0x24 ./Core/Src/system_stm32f4xx.o
                0x00000000080016b0                SystemInit
 .text.Reset_Handler
                0x00000000080016d4       0x50 ./Core/Startup/startup_stm32f401retx.o
                0x00000000080016d4                Reset_Handler
 .text.Default_Handler
                0x0000000008001724        0x2 ./Core/Startup/startup_stm32f401retx.o
                0x0000000008001724                RTC_Alarm_IRQHandler
                0x0000000008001724                EXTI2_IRQHandler
                0x0000000008001724                SPI4_IRQHandler
                0x0000000008001724                TIM1_CC_IRQHandler
                0x0000000008001724                DMA2_Stream5_IRQHandler
                0x0000000008001724                DMA1_Stream5_IRQHandler
                0x0000000008001724                PVD_IRQHandler
                0x0000000008001724                SDIO_IRQHandler
                0x0000000008001724                TAMP_STAMP_IRQHandler
                0x0000000008001724                EXTI3_IRQHandler
                0x0000000008001724                I2C3_ER_IRQHandler
                0x0000000008001724                EXTI0_IRQHandler
                0x0000000008001724                I2C2_EV_IRQHandler
                0x0000000008001724                DMA1_Stream2_IRQHandler
                0x0000000008001724                FPU_IRQHandler
                0x0000000008001724                DMA2_Stream2_IRQHandler
                0x0000000008001724                SPI1_IRQHandler
                0x0000000008001724                TIM1_BRK_TIM9_IRQHandler
                0x0000000008001724                DMA2_Stream3_IRQHandler
                0x0000000008001724                USART6_IRQHandler
                0x0000000008001724                DMA2_Stream0_IRQHandler
                0x0000000008001724                TIM4_IRQHandler
                0x0000000008001724                I2C1_EV_IRQHandler
                0x0000000008001724                DMA1_Stream6_IRQHandler
                0x0000000008001724                DMA1_Stream1_IRQHandler
                0x0000000008001724                TIM3_IRQHandler
                0x0000000008001724                RCC_IRQHandler
                0x0000000008001724                Default_Handler
                0x0000000008001724                EXTI15_10_IRQHandler
                0x0000000008001724                DMA1_Stream7_IRQHandler
                0x0000000008001724                TIM5_IRQHandler
                0x0000000008001724                DMA2_Stream7_IRQHandler
                0x0000000008001724                I2C3_EV_IRQHandler
                0x0000000008001724                EXTI9_5_IRQHandler
                0x0000000008001724                RTC_WKUP_IRQHandler
                0x0000000008001724                SPI2_IRQHandler
                0x0000000008001724                DMA1_Stream0_IRQHandler
                0x0000000008001724                EXTI4_IRQHandler
                0x0000000008001724                WWDG_IRQHandler
                0x0000000008001724                TIM2_IRQHandler
                0x0000000008001724                OTG_FS_WKUP_IRQHandler
                0x0000000008001724                TIM1_TRG_COM_TIM11_IRQHandler
                0x0000000008001724                EXTI1_IRQHandler
                0x0000000008001724                USART2_IRQHandler
                0x0000000008001724                I2C2_ER_IRQHandler
                0x0000000008001724                DMA2_Stream1_IRQHandler
                0x0000000008001724                FLASH_IRQHandler
                0x0000000008001724                DMA2_Stream4_IRQHandler
                0x0000000008001724                USART1_IRQHandler
                0x0000000008001724                OTG_FS_IRQHandler
                0x0000000008001724                SPI3_IRQHandler
                0x0000000008001724                DMA1_Stream4_IRQHandler
                0x0000000008001724                I2C1_ER_IRQHandler
                0x0000000008001724                DMA2_Stream6_IRQHandler
                0x0000000008001724                DMA1_Stream3_IRQHandler
 *fill*         0x0000000008001726        0x2 
 .text.HAL_Init
                0x0000000008001728       0x44 ./Drivers/STM32F4xx_HAL_Driver/Src/stm32f4xx_hal.o
                0x0000000008001728                HAL_Init
 .text.HAL_InitTick
                0x000000000800176c       0x60 ./Drivers/STM32F4xx_HAL_Driver/Src/stm32f4xx_hal.o
                0x000000000800176c                HAL_InitTick
 .text.HAL_IncTick
                0x00000000080017cc       0x28 ./Drivers/STM32F4xx_HAL_Driver/Src/stm32f4xx_hal.o
                0x00000000080017cc                HAL_IncTick
 .text.HAL_GetTick
                0x00000000080017f4       0x18 ./Drivers/STM32F4xx_HAL_Driver/Src/stm32f4xx_hal.o
                0x00000000080017f4                HAL_GetTick
 .text.HAL_Delay
                0x000000000800180c       0x48 ./Drivers/STM32F4xx_HAL_Driver/Src/stm32f4xx_hal.o
                0x000000000800180c                HAL_Delay
 .text.HAL_ADC_Init
                0x0000000008001854       0x86 ./Drivers/STM32F4xx_HAL_Driver/Src/stm32f4xx_hal_adc.o
                0x0000000008001854                HAL_ADC_Init
 *fill*         0x00000000080018da        0x2 
 .text.HAL_ADC_Start_IT
                0x00000000080018dc      0x17c ./Drivers/STM32F4xx_HAL_Driver/Src/stm32f4xx_hal_adc.o
                0x00000000080018dc                HAL_ADC_Start_IT
 .text.HAL_ADC_IRQHandler
                0x0000000008001a58      0x220 ./Drivers/STM32F4xx_HAL_Driver/Src/stm32f4xx_hal_adc.o
                0x0000000008001a58                HAL_ADC_IRQHandler
 .text.HAL_ADC_GetValue
                0x0000000008001c78       0x1a ./Drivers/STM32F4xx_HAL_Driver/Src/stm32f4xx_hal_adc.o
                0x0000000008001c78                HAL_ADC_GetValue
 .text.HAL_ADC_LevelOutOfWindowCallback
                0x0000000008001c92       0x14 ./Drivers/STM32F4xx_HAL_Driver/Src/stm32f4xx_hal_adc.o
                0x0000000008001c92                HAL_ADC_LevelOutOfWindowCallback
 .text.HAL_ADC_ErrorCallback
                0x0000000008001ca6       0x14 ./Drivers/STM32F4xx_HAL_Driver/Src/stm32f4xx_hal_adc.o
                0x0000000008001ca6                HAL_ADC_ErrorCallback
 *fill*         0x0000000008001cba        0x2 
 .text.HAL_ADC_ConfigChannel
                0x0000000008001cbc      0x244 ./Drivers/STM32F4xx_HAL_Driver/Src/stm32f4xx_hal_adc.o
                0x0000000008001cbc                HAL_ADC_ConfigChannel
 .text.ADC_Init
                0x0000000008001f00      0x1f8 ./Drivers/STM32F4xx_HAL_Driver/Src/stm32f4xx_hal_adc.o
 .text.HAL_ADCEx_InjectedConvCpltCallback
                0x00000000080020f8       0x14 ./Drivers/STM32F4xx_HAL_Driver/Src/stm32f4xx_hal_adc_ex.o
                0x00000000080020f8                HAL_ADCEx_InjectedConvCpltCallback
 .text.__NVIC_SetPriorityGrouping
                0x000000000800210c       0x48 ./Drivers/STM32F4xx_HAL_Driver/Src/stm32f4xx_hal_cortex.o
 .text.__NVIC_GetPriorityGrouping
                0x0000000008002154       0x1c ./Drivers/STM32F4xx_HAL_Driver/Src/stm32f4xx_hal_cortex.o
 .text.__NVIC_EnableIRQ
                0x0000000008002170       0x3c ./Drivers/STM32F4xx_HAL_Driver/Src/stm32f4xx_hal_cortex.o
 .text.__NVIC_SetPriority
                0x00000000080021ac       0x54 ./Drivers/STM32F4xx_HAL_Driver/Src/stm32f4xx_hal_cortex.o
 .text.NVIC_EncodePriority
                0x0000000008002200       0x66 ./Drivers/STM32F4xx_HAL_Driver/Src/stm32f4xx_hal_cortex.o
 *fill*         0x0000000008002266        0x2 
 .text.SysTick_Config
                0x0000000008002268       0x44 ./Drivers/STM32F4xx_HAL_Driver/Src/stm32f4xx_hal_cortex.o
 .text.HAL_NVIC_SetPriorityGrouping
                0x00000000080022ac       0x16 ./Drivers/STM32F4xx_HAL_Driver/Src/stm32f4xx_hal_cortex.o
                0x00000000080022ac                HAL_NVIC_SetPriorityGrouping
 .text.HAL_NVIC_SetPriority
                0x00000000080022c2       0x38 ./Drivers/STM32F4xx_HAL_Driver/Src/stm32f4xx_hal_cortex.o
                0x00000000080022c2                HAL_NVIC_SetPriority
 .text.HAL_NVIC_EnableIRQ
                0x00000000080022fa       0x1c ./Drivers/STM32F4xx_HAL_Driver/Src/stm32f4xx_hal_cortex.o
                0x00000000080022fa                HAL_NVIC_EnableIRQ
 .text.HAL_SYSTICK_Config
                0x0000000008002316       0x18 ./Drivers/STM32F4xx_HAL_Driver/Src/stm32f4xx_hal_cortex.o
                0x0000000008002316                HAL_SYSTICK_Config
 *fill*         0x000000000800232e        0x2 
 .text.HAL_GPIO_Init
                0x0000000008002330      0x308 ./Drivers/STM32F4xx_HAL_Driver/Src/stm32f4xx_hal_gpio.o
                0x0000000008002330                HAL_GPIO_Init
 .text.HAL_GPIO_WritePin
                0x0000000008002638       0x32 ./Drivers/STM32F4xx_HAL_Driver/Src/stm32f4xx_hal_gpio.o
                0x0000000008002638                HAL_GPIO_WritePin
 .text.HAL_GPIO_TogglePin
                0x000000000800266a       0x34 ./Drivers/STM32F4xx_HAL_Driver/Src/stm32f4xx_hal_gpio.o
                0x000000000800266a                HAL_GPIO_TogglePin
 *fill*         0x000000000800269e        0x2 
 .text.HAL_RCC_OscConfig
                0x00000000080026a0      0x4f0 ./Drivers/STM32F4xx_HAL_Driver/Src/stm32f4xx_hal_rcc.o
                0x00000000080026a0                HAL_RCC_OscConfig
 .text.HAL_RCC_ClockConfig
                0x0000000008002b90      0x1cc ./Drivers/STM32F4xx_HAL_Driver/Src/stm32f4xx_hal_rcc.o
                0x0000000008002b90                HAL_RCC_ClockConfig
 .text.HAL_RCC_GetSysClockFreq
                0x0000000008002d5c      0x20c ./Drivers/STM32F4xx_HAL_Driver/Src/stm32f4xx_hal_rcc.o
                0x0000000008002d5c                HAL_RCC_GetSysClockFreq
 .text.HAL_RCC_GetHCLKFreq
                0x0000000008002f68       0x18 ./Drivers/STM32F4xx_HAL_Driver/Src/stm32f4xx_hal_rcc.o
                0x0000000008002f68                HAL_RCC_GetHCLKFreq
 .text.HAL_RCC_GetPCLK1Freq
                0x0000000008002f80       0x28 ./Drivers/STM32F4xx_HAL_Driver/Src/stm32f4xx_hal_rcc.o
                0x0000000008002f80                HAL_RCC_GetPCLK1Freq
 .text.HAL_RCC_GetPCLK2Freq
                0x0000000008002fa8       0x28 ./Drivers/STM32F4xx_HAL_Driver/Src/stm32f4xx_hal_rcc.o
                0x0000000008002fa8                HAL_RCC_GetPCLK2Freq
 .text.HAL_TIM_Base_Init
                0x0000000008002fd0       0x9e ./Drivers/STM32F4xx_HAL_Driver/Src/stm32f4xx_hal_tim.o
                0x0000000008002fd0                HAL_TIM_Base_Init
 *fill*         0x000000000800306e        0x2 
 .text.HAL_TIM_Base_Start_IT
                0x0000000008003070       0xc4 ./Drivers/STM32F4xx_HAL_Driver/Src/stm32f4xx_hal_tim.o
                0x0000000008003070                HAL_TIM_Base_Start_IT
 .text.HAL_TIM_IRQHandler
                0x0000000008003134      0x210 ./Drivers/STM32F4xx_HAL_Driver/Src/stm32f4xx_hal_tim.o
                0x0000000008003134                HAL_TIM_IRQHandler
 .text.HAL_TIM_OC_DelayElapsedCallback
                0x0000000008003344       0x14 ./Drivers/STM32F4xx_HAL_Driver/Src/stm32f4xx_hal_tim.o
                0x0000000008003344                HAL_TIM_OC_DelayElapsedCallback
 .text.HAL_TIM_IC_CaptureCallback
                0x0000000008003358       0x14 ./Drivers/STM32F4xx_HAL_Driver/Src/stm32f4xx_hal_tim.o
                0x0000000008003358                HAL_TIM_IC_CaptureCallback
 .text.HAL_TIM_PWM_PulseFinishedCallback
                0x000000000800336c       0x14 ./Drivers/STM32F4xx_HAL_Driver/Src/stm32f4xx_hal_tim.o
                0x000000000800336c                HAL_TIM_PWM_PulseFinishedCallback
 .text.HAL_TIM_TriggerCallback
                0x0000000008003380       0x14 ./Drivers/STM32F4xx_HAL_Driver/Src/stm32f4xx_hal_tim.o
                0x0000000008003380                HAL_TIM_TriggerCallback
 .text.TIM_Base_SetConfig
                0x0000000008003394      0x100 ./Drivers/STM32F4xx_HAL_Driver/Src/stm32f4xx_hal_tim.o
                0x0000000008003394                TIM_Base_SetConfig
 .text.HAL_TIMEx_CommutCallback
                0x0000000008003494       0x14 ./Drivers/STM32F4xx_HAL_Driver/Src/stm32f4xx_hal_tim_ex.o
                0x0000000008003494                HAL_TIMEx_CommutCallback
 .text.HAL_TIMEx_BreakCallback
                0x00000000080034a8       0x14 ./Drivers/STM32F4xx_HAL_Driver/Src/stm32f4xx_hal_tim_ex.o
                0x00000000080034a8                HAL_TIMEx_BreakCallback
 .text.HAL_UART_Init
                0x00000000080034bc       0x9a ./Drivers/STM32F4xx_HAL_Driver/Src/stm32f4xx_hal_uart.o
                0x00000000080034bc                HAL_UART_Init
 *fill*         0x0000000008003556        0x2 
 .text.UART_SetConfig
                0x0000000008003558      0x4e8 ./Drivers/STM32F4xx_HAL_Driver/Src/stm32f4xx_hal_uart.o
 .text.arm_rfft_32_fast_init_f32
                0x0000000008003a40       0x34 ../Middlewares/ST/ARM/DSP/Lib\libarm_cortexM4lf_math.a(arm_rfft_fast_init_f32.o)
                0x0000000008003a40                arm_rfft_32_fast_init_f32
 .text.arm_rfft_64_fast_init_f32
                0x0000000008003a74       0x34 ../Middlewares/ST/ARM/DSP/Lib\libarm_cortexM4lf_math.a(arm_rfft_fast_init_f32.o)
                0x0000000008003a74                arm_rfft_64_fast_init_f32
 .text.arm_rfft_256_fast_init_f32
                0x0000000008003aa8       0x38 ../Middlewares/ST/ARM/DSP/Lib\libarm_cortexM4lf_math.a(arm_rfft_fast_init_f32.o)
                0x0000000008003aa8                arm_rfft_256_fast_init_f32
 .text.arm_rfft_512_fast_init_f32
                0x0000000008003ae0       0x3c ../Middlewares/ST/ARM/DSP/Lib\libarm_cortexM4lf_math.a(arm_rfft_fast_init_f32.o)
                0x0000000008003ae0                arm_rfft_512_fast_init_f32
 .text.arm_rfft_1024_fast_init_f32
                0x0000000008003b1c       0x3c ../Middlewares/ST/ARM/DSP/Lib\libarm_cortexM4lf_math.a(arm_rfft_fast_init_f32.o)
                0x0000000008003b1c                arm_rfft_1024_fast_init_f32
 .text.arm_rfft_2048_fast_init_f32
                0x0000000008003b58       0x3c ../Middlewares/ST/ARM/DSP/Lib\libarm_cortexM4lf_math.a(arm_rfft_fast_init_f32.o)
                0x0000000008003b58                arm_rfft_2048_fast_init_f32
 .text.arm_rfft_4096_fast_init_f32
                0x0000000008003b94       0x3c ../Middlewares/ST/ARM/DSP/Lib\libarm_cortexM4lf_math.a(arm_rfft_fast_init_f32.o)
                0x0000000008003b94                arm_rfft_4096_fast_init_f32
 .text.arm_rfft_fast_init_f32
                0x0000000008003bd0       0x68 ../Middlewares/ST/ARM/DSP/Lib\libarm_cortexM4lf_math.a(arm_rfft_fast_init_f32.o)
                0x0000000008003bd0                arm_rfft_fast_init_f32
 .text.stage_rfft_f32
                0x0000000008003c38       0xb4 ../Middlewares/ST/ARM/DSP/Lib\libarm_cortexM4lf_math.a(arm_rfft_fast_f32.o)
                0x0000000008003c38                stage_rfft_f32
 .text.merge_rfft_f32
                0x0000000008003cec       0xac ../Middlewares/ST/ARM/DSP/Lib\libarm_cortexM4lf_math.a(arm_rfft_fast_f32.o)
                0x0000000008003cec                merge_rfft_f32
 .text.arm_rfft_fast_f32
                0x0000000008003d98       0x40 ../Middlewares/ST/ARM/DSP/Lib\libarm_cortexM4lf_math.a(arm_rfft_fast_f32.o)
                0x0000000008003d98                arm_rfft_fast_f32
 .text.arm_cfft_radix8by2_f32
                0x0000000008003dd8      0x1a0 ../Middlewares/ST/ARM/DSP/Lib\libarm_cortexM4lf_math.a(arm_cfft_f32.o)
                0x0000000008003dd8                arm_cfft_radix8by2_f32
 .text.arm_cfft_radix8by4_f32
                0x0000000008003f78      0x4ac ../Middlewares/ST/ARM/DSP/Lib\libarm_cortexM4lf_math.a(arm_cfft_f32.o)
                0x0000000008003f78                arm_cfft_radix8by4_f32
 .text.arm_cfft_f32
                0x0000000008004424       0xf0 ../Middlewares/ST/ARM/DSP/Lib\libarm_cortexM4lf_math.a(arm_cfft_f32.o)
                0x0000000008004424                arm_cfft_f32
 .text.arm_bitreversal_32
                0x0000000008004514       0x40 ../Middlewares/ST/ARM/DSP/Lib\libarm_cortexM4lf_math.a(arm_bitreversal2.o)
                0x0000000008004514                arm_bitreversal_32
 .text.arm_radix8_butterfly_f32
                0x0000000008004554      0x580 ../Middlewares/ST/ARM/DSP/Lib\libarm_cortexM4lf_math.a(arm_cfft_radix8_f32.o)
                0x0000000008004554                arm_radix8_butterfly_f32
 .text.memset   0x0000000008004ad4       0x10 C:/ST/STM32CubeIDE_1.13.2/STM32CubeIDE/plugins/com.st.stm32cube.ide.mcu.externaltools.gnu-tools-for-stm32.11.3.rel1.win32_1.1.1.202309131626/tools/bin/../lib/gcc/arm-none-eabi/11.3.1/../../../../arm-none-eabi/lib/thumb/v7e-m+fp/hard\libc_nano.a(libc_a-memset.o)
                0x0000000008004ad4                memset
 .text.__errno  0x0000000008004ae4        0xc C:/ST/STM32CubeIDE_1.13.2/STM32CubeIDE/plugins/com.st.stm32cube.ide.mcu.externaltools.gnu-tools-for-stm32.11.3.rel1.win32_1.1.1.202309131626/tools/bin/../lib/gcc/arm-none-eabi/11.3.1/../../../../arm-none-eabi/lib/thumb/v7e-m+fp/hard\libc_nano.a(libc_a-errno.o)
                0x0000000008004ae4                __errno
 .text.__libc_init_array
                0x0000000008004af0       0x48 C:/ST/STM32CubeIDE_1.13.2/STM32CubeIDE/plugins/com.st.stm32cube.ide.mcu.externaltools.gnu-tools-for-stm32.11.3.rel1.win32_1.1.1.202309131626/tools/bin/../lib/gcc/arm-none-eabi/11.3.1/../../../../arm-none-eabi/lib/thumb/v7e-m+fp/hard\libc_nano.a(libc_a-init.o)
                0x0000000008004af0                __libc_init_array
 .text.sqrt     0x0000000008004b38       0x58 C:/ST/STM32CubeIDE_1.13.2/STM32CubeIDE/plugins/com.st.stm32cube.ide.mcu.externaltools.gnu-tools-for-stm32.11.3.rel1.win32_1.1.1.202309131626/tools/bin/../lib/gcc/arm-none-eabi/11.3.1/../../../../arm-none-eabi/lib/thumb/v7e-m+fp/hard\libm.a(libm_a-w_sqrt.o)
                0x0000000008004b38                sqrt
 .text.__ieee754_sqrt
                0x0000000008004b90      0x1b4 C:/ST/STM32CubeIDE_1.13.2/STM32CubeIDE/plugins/com.st.stm32cube.ide.mcu.externaltools.gnu-tools-for-stm32.11.3.rel1.win32_1.1.1.202309131626/tools/bin/../lib/gcc/arm-none-eabi/11.3.1/../../../../arm-none-eabi/lib/thumb/v7e-m+fp/hard\libm.a(libm_a-e_sqrt.o)
                0x0000000008004b90                __ieee754_sqrt
 *(.glue_7)
 .glue_7        0x0000000008004d44        0x0 linker stubs
 *(.glue_7t)
 .glue_7t       0x0000000008004d44        0x0 linker stubs
 *(.eh_frame)
 .eh_frame      0x0000000008004d44        0x0 C:/ST/STM32CubeIDE_1.13.2/STM32CubeIDE/plugins/com.st.stm32cube.ide.mcu.externaltools.gnu-tools-for-stm32.11.3.rel1.win32_1.1.1.202309131626/tools/bin/../lib/gcc/arm-none-eabi/11.3.1/thumb/v7e-m+fp/hard/crtbegin.o
 *(.init)
 .init          0x0000000008004d44        0x4 C:/ST/STM32CubeIDE_1.13.2/STM32CubeIDE/plugins/com.st.stm32cube.ide.mcu.externaltools.gnu-tools-for-stm32.11.3.rel1.win32_1.1.1.202309131626/tools/bin/../lib/gcc/arm-none-eabi/11.3.1/thumb/v7e-m+fp/hard/crti.o
                0x0000000008004d44                _init
 .init          0x0000000008004d48        0x8 C:/ST/STM32CubeIDE_1.13.2/STM32CubeIDE/plugins/com.st.stm32cube.ide.mcu.externaltools.gnu-tools-for-stm32.11.3.rel1.win32_1.1.1.202309131626/tools/bin/../lib/gcc/arm-none-eabi/11.3.1/thumb/v7e-m+fp/hard/crtn.o
 *(.fini)
 .fini          0x0000000008004d50        0x4 C:/ST/STM32CubeIDE_1.13.2/STM32CubeIDE/plugins/com.st.stm32cube.ide.mcu.externaltools.gnu-tools-for-stm32.11.3.rel1.win32_1.1.1.202309131626/tools/bin/../lib/gcc/arm-none-eabi/11.3.1/thumb/v7e-m+fp/hard/crti.o
                0x0000000008004d50                _fini
 .fini          0x0000000008004d54        0x8 C:/ST/STM32CubeIDE_1.13.2/STM32CubeIDE/plugins/com.st.stm32cube.ide.mcu.externaltools.gnu-tools-for-stm32.11.3.rel1.win32_1.1.1.202309131626/tools/bin/../lib/gcc/arm-none-eabi/11.3.1/thumb/v7e-m+fp/hard/crtn.o
                0x0000000008004d5c                . = ALIGN (0x4)
                0x0000000008004d5c                _etext = .

.vfp11_veneer   0x0000000008004d5c        0x0
 .vfp11_veneer  0x0000000008004d5c        0x0 linker stubs

.v4_bx          0x0000000008004d5c        0x0
 .v4_bx         0x0000000008004d5c        0x0 linker stubs

.iplt           0x0000000008004d5c        0x0
 .iplt          0x0000000008004d5c        0x0 C:/ST/STM32CubeIDE_1.13.2/STM32CubeIDE/plugins/com.st.stm32cube.ide.mcu.externaltools.gnu-tools-for-stm32.11.3.rel1.win32_1.1.1.202309131626/tools/bin/../lib/gcc/arm-none-eabi/11.3.1/thumb/v7e-m+fp/hard/crtbegin.o

.rodata         0x0000000008004d5c    0x13000
                0x0000000008004d5c                . = ALIGN (0x4)
 *(.rodata)
 *(.rodata*)
 .rodata.AHBPrescTable
                0x0000000008004d5c       0x10 ./Core/Src/system_stm32f4xx.o
                0x0000000008004d5c                AHBPrescTable
 .rodata.APBPrescTable
                0x0000000008004d6c        0x8 ./Core/Src/system_stm32f4xx.o
                0x0000000008004d6c                APBPrescTable
 .rodata.armBitRevIndexTable1024
                0x0000000008004d74      0xe10 ../Middlewares/ST/ARM/DSP/Lib\libarm_cortexM4lf_math.a(arm_common_tables.o)
                0x0000000008004d74                armBitRevIndexTable1024
 .rodata.armBitRevIndexTable128
                0x0000000008005b84      0x1a0 ../Middlewares/ST/ARM/DSP/Lib\libarm_cortexM4lf_math.a(arm_common_tables.o)
                0x0000000008005b84                armBitRevIndexTable128
 .rodata.armBitRevIndexTable16
                0x0000000008005d24       0x28 ../Middlewares/ST/ARM/DSP/Lib\libarm_cortexM4lf_math.a(arm_common_tables.o)
                0x0000000008005d24                armBitRevIndexTable16
 .rodata.armBitRevIndexTable2048
                0x0000000008005d4c     0x1dc0 ../Middlewares/ST/ARM/DSP/Lib\libarm_cortexM4lf_math.a(arm_common_tables.o)
                0x0000000008005d4c                armBitRevIndexTable2048
 .rodata.armBitRevIndexTable256
                0x0000000008007b0c      0x370 ../Middlewares/ST/ARM/DSP/Lib\libarm_cortexM4lf_math.a(arm_common_tables.o)
                0x0000000008007b0c                armBitRevIndexTable256
 .rodata.armBitRevIndexTable32
                0x0000000008007e7c       0x60 ../Middlewares/ST/ARM/DSP/Lib\libarm_cortexM4lf_math.a(arm_common_tables.o)
                0x0000000008007e7c                armBitRevIndexTable32
 .rodata.armBitRevIndexTable512
                0x0000000008007edc      0x380 ../Middlewares/ST/ARM/DSP/Lib\libarm_cortexM4lf_math.a(arm_common_tables.o)
                0x0000000008007edc                armBitRevIndexTable512
 .rodata.twiddleCoef_1024
                0x000000000800825c     0x2000 ../Middlewares/ST/ARM/DSP/Lib\libarm_cortexM4lf_math.a(arm_common_tables.o)
                0x000000000800825c                twiddleCoef_1024
 .rodata.twiddleCoef_128
                0x000000000800a25c      0x400 ../Middlewares/ST/ARM/DSP/Lib\libarm_cortexM4lf_math.a(arm_common_tables.o)
                0x000000000800a25c                twiddleCoef_128
 .rodata.twiddleCoef_16
                0x000000000800a65c       0x80 ../Middlewares/ST/ARM/DSP/Lib\libarm_cortexM4lf_math.a(arm_common_tables.o)
                0x000000000800a65c                twiddleCoef_16
 .rodata.twiddleCoef_2048
                0x000000000800a6dc     0x4000 ../Middlewares/ST/ARM/DSP/Lib\libarm_cortexM4lf_math.a(arm_common_tables.o)
                0x000000000800a6dc                twiddleCoef_2048
 .rodata.twiddleCoef_256
                0x000000000800e6dc      0x800 ../Middlewares/ST/ARM/DSP/Lib\libarm_cortexM4lf_math.a(arm_common_tables.o)
                0x000000000800e6dc                twiddleCoef_256
 .rodata.twiddleCoef_32
                0x000000000800eedc      0x100 ../Middlewares/ST/ARM/DSP/Lib\libarm_cortexM4lf_math.a(arm_common_tables.o)
                0x000000000800eedc                twiddleCoef_32
 .rodata.twiddleCoef_512
                0x000000000800efdc     0x1000 ../Middlewares/ST/ARM/DSP/Lib\libarm_cortexM4lf_math.a(arm_common_tables.o)
                0x000000000800efdc                twiddleCoef_512
 .rodata.twiddleCoef_rfft_1024
                0x000000000800ffdc     0x1000 ../Middlewares/ST/ARM/DSP/Lib\libarm_cortexM4lf_math.a(arm_common_tables.o)
                0x000000000800ffdc                twiddleCoef_rfft_1024
 .rodata.twiddleCoef_rfft_2048
                0x0000000008010fdc     0x2000 ../Middlewares/ST/ARM/DSP/Lib\libarm_cortexM4lf_math.a(arm_common_tables.o)
                0x0000000008010fdc                twiddleCoef_rfft_2048
 .rodata.twiddleCoef_rfft_256
                0x0000000008012fdc      0x400 ../Middlewares/ST/ARM/DSP/Lib\libarm_cortexM4lf_math.a(arm_common_tables.o)
                0x0000000008012fdc                twiddleCoef_rfft_256
 .rodata.twiddleCoef_rfft_32
                0x00000000080133dc       0x80 ../Middlewares/ST/ARM/DSP/Lib\libarm_cortexM4lf_math.a(arm_common_tables.o)
                0x00000000080133dc                twiddleCoef_rfft_32
 .rodata.twiddleCoef_rfft_4096
                0x000000000801345c     0x4000 ../Middlewares/ST/ARM/DSP/Lib\libarm_cortexM4lf_math.a(arm_common_tables.o)
                0x000000000801345c                twiddleCoef_rfft_4096
 .rodata.twiddleCoef_rfft_512
                0x000000000801745c      0x800 ../Middlewares/ST/ARM/DSP/Lib\libarm_cortexM4lf_math.a(arm_common_tables.o)
                0x000000000801745c                twiddleCoef_rfft_512
 .rodata.twiddleCoef_rfft_64
                0x0000000008017c5c      0x100 ../Middlewares/ST/ARM/DSP/Lib\libarm_cortexM4lf_math.a(arm_common_tables.o)
                0x0000000008017c5c                twiddleCoef_rfft_64
                0x0000000008017d5c                . = ALIGN (0x4)

.ARM.extab      0x0000000008017d5c        0x0
                0x0000000008017d5c                . = ALIGN (0x4)
 *(.ARM.extab* .gnu.linkonce.armextab.*)
                0x0000000008017d5c                . = ALIGN (0x4)

.ARM            0x0000000008017d5c        0x8
                0x0000000008017d5c                . = ALIGN (0x4)
                0x0000000008017d5c                __exidx_start = .
 *(.ARM.exidx*)
 .ARM.exidx     0x0000000008017d5c        0x8 C:/ST/STM32CubeIDE_1.13.2/STM32CubeIDE/plugins/com.st.stm32cube.ide.mcu.externaltools.gnu-tools-for-stm32.11.3.rel1.win32_1.1.1.202309131626/tools/bin/../lib/gcc/arm-none-eabi/11.3.1/thumb/v7e-m+fp/hard\libgcc.a(_udivmoddi4.o)
                0x0000000008017d64                __exidx_end = .
                0x0000000008017d64                . = ALIGN (0x4)

.rel.dyn        0x0000000008017d64        0x0
 .rel.iplt      0x0000000008017d64        0x0 C:/ST/STM32CubeIDE_1.13.2/STM32CubeIDE/plugins/com.st.stm32cube.ide.mcu.externaltools.gnu-tools-for-stm32.11.3.rel1.win32_1.1.1.202309131626/tools/bin/../lib/gcc/arm-none-eabi/11.3.1/thumb/v7e-m+fp/hard/crtbegin.o

.preinit_array  0x0000000008017d64        0x0
                0x0000000008017d64                . = ALIGN (0x4)
                0x0000000008017d64                PROVIDE (__preinit_array_start = .)
 *(.preinit_array*)
                0x0000000008017d64                PROVIDE (__preinit_array_end = .)
                0x0000000008017d64                . = ALIGN (0x4)

.init_array     0x0000000008017d64        0x4
                0x0000000008017d64                . = ALIGN (0x4)
                0x0000000008017d64                PROVIDE (__init_array_start = .)
 *(SORT_BY_NAME(.init_array.*))
 *(.init_array*)
 .init_array    0x0000000008017d64        0x4 C:/ST/STM32CubeIDE_1.13.2/STM32CubeIDE/plugins/com.st.stm32cube.ide.mcu.externaltools.gnu-tools-for-stm32.11.3.rel1.win32_1.1.1.202309131626/tools/bin/../lib/gcc/arm-none-eabi/11.3.1/thumb/v7e-m+fp/hard/crtbegin.o
                0x0000000008017d68                PROVIDE (__init_array_end = .)
                0x0000000008017d68                . = ALIGN (0x4)

.fini_array     0x0000000008017d68        0x4
                0x0000000008017d68                . = ALIGN (0x4)
                [!provide]                        PROVIDE (__fini_array_start = .)
 *(SORT_BY_NAME(.fini_array.*))
 *(.fini_array*)
 .fini_array    0x0000000008017d68        0x4 C:/ST/STM32CubeIDE_1.13.2/STM32CubeIDE/plugins/com.st.stm32cube.ide.mcu.externaltools.gnu-tools-for-stm32.11.3.rel1.win32_1.1.1.202309131626/tools/bin/../lib/gcc/arm-none-eabi/11.3.1/thumb/v7e-m+fp/hard/crtbegin.o
                [!provide]                        PROVIDE (__fini_array_end = .)
                0x0000000008017d6c                . = ALIGN (0x4)
                0x0000000008017d6c                _sidata = LOADADDR (.data)

.data           0x0000000020000000       0x70 load address 0x0000000008017d6c
                0x0000000020000000                . = ALIGN (0x4)
                0x0000000020000000                _sdata = .
 *(.data)
 *(.data*)
 .data.SystemCoreClock
                0x0000000020000000        0x4 ./Core/Src/system_stm32f4xx.o
                0x0000000020000000                SystemCoreClock
 .data.uwTickPrio
                0x0000000020000004        0x4 ./Drivers/STM32F4xx_HAL_Driver/Src/stm32f4xx_hal.o
                0x0000000020000004                uwTickPrio
 .data.uwTickFreq
                0x0000000020000008        0x1 ./Drivers/STM32F4xx_HAL_Driver/Src/stm32f4xx_hal.o
                0x0000000020000008                uwTickFreq
 *fill*         0x0000000020000009        0x3 
 .data._impure_data
                0x000000002000000c       0x4c C:/ST/STM32CubeIDE_1.13.2/STM32CubeIDE/plugins/com.st.stm32cube.ide.mcu.externaltools.gnu-tools-for-stm32.11.3.rel1.win32_1.1.1.202309131626/tools/bin/../lib/gcc/arm-none-eabi/11.3.1/../../../../arm-none-eabi/lib/thumb/v7e-m+fp/hard\libc_nano.a(libc_a-impure.o)
                0x000000002000000c                _impure_data
 .data._impure_ptr
                0x0000000020000058        0x4 C:/ST/STM32CubeIDE_1.13.2/STM32CubeIDE/plugins/com.st.stm32cube.ide.mcu.externaltools.gnu-tools-for-stm32.11.3.rel1.win32_1.1.1.202309131626/tools/bin/../lib/gcc/arm-none-eabi/11.3.1/../../../../arm-none-eabi/lib/thumb/v7e-m+fp/hard\libc_nano.a(libc_a-impure.o)
                0x0000000020000058                _impure_ptr
 *fill*         0x000000002000005c        0x4 
 .data.one      0x0000000020000060        0x8 C:/ST/STM32CubeIDE_1.13.2/STM32CubeIDE/plugins/com.st.stm32cube.ide.mcu.externaltools.gnu-tools-for-stm32.11.3.rel1.win32_1.1.1.202309131626/tools/bin/../lib/gcc/arm-none-eabi/11.3.1/../../../../arm-none-eabi/lib/thumb/v7e-m+fp/hard\libm.a(libm_a-e_sqrt.o)
 .data.tiny     0x0000000020000068        0x8 C:/ST/STM32CubeIDE_1.13.2/STM32CubeIDE/plugins/com.st.stm32cube.ide.mcu.externaltools.gnu-tools-for-stm32.11.3.rel1.win32_1.1.1.202309131626/tools/bin/../lib/gcc/arm-none-eabi/11.3.1/../../../../arm-none-eabi/lib/thumb/v7e-m+fp/hard\libm.a(libm_a-e_sqrt.o)
 *(.RamFunc)
 *(.RamFunc*)
                0x0000000020000070                . = ALIGN (0x4)
                0x0000000020000070                _edata = .

.igot.plt       0x0000000020000070        0x0 load address 0x0000000008017ddc
 .igot.plt      0x0000000020000070        0x0 C:/ST/STM32CubeIDE_1.13.2/STM32CubeIDE/plugins/com.st.stm32cube.ide.mcu.externaltools.gnu-tools-for-stm32.11.3.rel1.win32_1.1.1.202309131626/tools/bin/../lib/gcc/arm-none-eabi/11.3.1/thumb/v7e-m+fp/hard/crtbegin.o
                0x0000000020000070                . = ALIGN (0x4)

.bss            0x0000000020000070     0x3264 load address 0x0000000008017ddc
                0x0000000020000070                _sbss = .
                0x0000000020000070                __bss_start__ = _sbss
 *(.bss)
 .bss           0x0000000020000070       0x1c C:/ST/STM32CubeIDE_1.13.2/STM32CubeIDE/plugins/com.st.stm32cube.ide.mcu.externaltools.gnu-tools-for-stm32.11.3.rel1.win32_1.1.1.202309131626/tools/bin/../lib/gcc/arm-none-eabi/11.3.1/thumb/v7e-m+fp/hard/crtbegin.o
 *(.bss*)
 .bss.Timer_Flag
                0x000000002000008c        0x4 ./Core/Src/main.o
                0x000000002000008c                Timer_Flag
 .bss.ADC_counter
                0x0000000020000090        0x4 ./Core/Src/main.o
                0x0000000020000090                ADC_counter
 .bss.ADC_Value
                0x0000000020000094        0x4 ./Core/Src/main.o
                0x0000000020000094                ADC_Value
 .bss.ADC_buffer
                0x0000000020000098     0x1000 ./Core/Src/main.o
                0x0000000020000098                ADC_buffer
 .bss.peakValue
                0x0000000020001098        0x4 ./Core/Src/main.o
                0x0000000020001098                peakValue
 .bss.peakHz    0x000000002000109c        0x4 ./Core/Src/main.o
                0x000000002000109c                peakHz
 .bss.curVal    0x00000000200010a0        0x4 ./Core/Src/main.o
                0x00000000200010a0                curVal
 .bss.ADC_Buffer_Med
                0x00000000200010a4        0x4 ./Core/Src/main.o
                0x00000000200010a4                ADC_Buffer_Med
 .bss.fft_buffer_in
                0x00000000200010a8     0x1000 ./Core/Src/main.o
                0x00000000200010a8                fft_buffer_in
 .bss.fft_buffer_out
                0x00000000200020a8     0x1000 ./Core/Src/main.o
                0x00000000200020a8                fft_buffer_out
 .bss.freqResp  0x00000000200030a8        0x4 ./Core/Src/main.o
                0x00000000200030a8                freqResp
 .bss.hadc1     0x00000000200030ac       0x48 ./Core/Src/main.o
                0x00000000200030ac                hadc1
 .bss.htim10    0x00000000200030f4       0x48 ./Core/Src/main.o
                0x00000000200030f4                htim10
 .bss.huart2    0x000000002000313c       0x44 ./Core/Src/main.o
                0x000000002000313c                huart2
 .bss.fft_handler
                0x0000000020003180       0x18 ./Core/Src/main.o
                0x0000000020003180                fft_handler
 .bss.uwTick    0x0000000020003198        0x4 ./Drivers/STM32F4xx_HAL_Driver/Src/stm32f4xx_hal.o
                0x0000000020003198                uwTick
 .bss.__sf      0x000000002000319c      0x138 C:/ST/STM32CubeIDE_1.13.2/STM32CubeIDE/plugins/com.st.stm32cube.ide.mcu.externaltools.gnu-tools-for-stm32.11.3.rel1.win32_1.1.1.202309131626/tools/bin/../lib/gcc/arm-none-eabi/11.3.1/../../../../arm-none-eabi/lib/thumb/v7e-m+fp/hard\libc_nano.a(libc_a-findfp.o)
                0x000000002000319c                __sf
 *(COMMON)
                0x00000000200032d4                . = ALIGN (0x4)
                0x00000000200032d4                _ebss = .
                0x00000000200032d4                __bss_end__ = _ebss

._user_heap_stack
                0x00000000200032d4      0x604 load address 0x0000000008017ddc
                0x00000000200032d8                . = ALIGN (0x8)
 *fill*         0x00000000200032d4        0x4 
                [!provide]                        PROVIDE (end = .)
                0x00000000200032d8                PROVIDE (_end = .)
                0x00000000200034d8                . = (. + _Min_Heap_Size)
 *fill*         0x00000000200032d8      0x200 
                0x00000000200038d8                . = (. + _Min_Stack_Size)
 *fill*         0x00000000200034d8      0x400 
                0x00000000200038d8                . = ALIGN (0x8)

/DISCARD/
 libc.a(*)
 libm.a(*)
 libgcc.a(*)

.ARM.attributes
                0x0000000000000000       0x30
 *(.ARM.attributes)
 .ARM.attributes
                0x0000000000000000       0x1e C:/ST/STM32CubeIDE_1.13.2/STM32CubeIDE/plugins/com.st.stm32cube.ide.mcu.externaltools.gnu-tools-for-stm32.11.3.rel1.win32_1.1.1.202309131626/tools/bin/../lib/gcc/arm-none-eabi/11.3.1/thumb/v7e-m+fp/hard/crti.o
 .ARM.attributes
                0x000000000000001e       0x34 C:/ST/STM32CubeIDE_1.13.2/STM32CubeIDE/plugins/com.st.stm32cube.ide.mcu.externaltools.gnu-tools-for-stm32.11.3.rel1.win32_1.1.1.202309131626/tools/bin/../lib/gcc/arm-none-eabi/11.3.1/thumb/v7e-m+fp/hard/crtbegin.o
 .ARM.attributes
                0x0000000000000052       0x34 ./Core/Src/main.o
 .ARM.attributes
                0x0000000000000086       0x34 ./Core/Src/stm32f4xx_hal_msp.o
 .ARM.attributes
                0x00000000000000ba       0x34 ./Core/Src/stm32f4xx_it.o
 .ARM.attributes
                0x00000000000000ee       0x34 ./Core/Src/system_stm32f4xx.o
 .ARM.attributes
                0x0000000000000122       0x21 ./Core/Startup/startup_stm32f401retx.o
 .ARM.attributes
                0x0000000000000143       0x34 ./Drivers/STM32F4xx_HAL_Driver/Src/stm32f4xx_hal.o
 .ARM.attributes
                0x0000000000000177       0x34 ./Drivers/STM32F4xx_HAL_Driver/Src/stm32f4xx_hal_adc.o
 .ARM.attributes
                0x00000000000001ab       0x34 ./Drivers/STM32F4xx_HAL_Driver/Src/stm32f4xx_hal_adc_ex.o
 .ARM.attributes
                0x00000000000001df       0x34 ./Drivers/STM32F4xx_HAL_Driver/Src/stm32f4xx_hal_cortex.o
 .ARM.attributes
                0x0000000000000213       0x34 ./Drivers/STM32F4xx_HAL_Driver/Src/stm32f4xx_hal_gpio.o
 .ARM.attributes
                0x0000000000000247       0x34 ./Drivers/STM32F4xx_HAL_Driver/Src/stm32f4xx_hal_rcc.o
 .ARM.attributes
                0x000000000000027b       0x34 ./Drivers/STM32F4xx_HAL_Driver/Src/stm32f4xx_hal_tim.o
 .ARM.attributes
                0x00000000000002af       0x34 ./Drivers/STM32F4xx_HAL_Driver/Src/stm32f4xx_hal_tim_ex.o
 .ARM.attributes
                0x00000000000002e3       0x34 ./Drivers/STM32F4xx_HAL_Driver/Src/stm32f4xx_hal_uart.o
 .ARM.attributes
                0x0000000000000317       0x34 ../Middlewares/ST/ARM/DSP/Lib\libarm_cortexM4lf_math.a(arm_rfft_fast_init_f32.o)
 .ARM.attributes
                0x000000000000034b       0x34 ../Middlewares/ST/ARM/DSP/Lib\libarm_cortexM4lf_math.a(arm_rfft_fast_f32.o)
 .ARM.attributes
                0x000000000000037f       0x34 ../Middlewares/ST/ARM/DSP/Lib\libarm_cortexM4lf_math.a(arm_cfft_f32.o)
 .ARM.attributes
                0x00000000000003b3       0x34 ../Middlewares/ST/ARM/DSP/Lib\libarm_cortexM4lf_math.a(arm_bitreversal2.o)
 .ARM.attributes
                0x00000000000003e7       0x39 ../Middlewares/ST/ARM/DSP/Lib\libarm_cortexM4lf_math.a(arm_common_tables.o)
 .ARM.attributes
                0x0000000000000420       0x34 ../Middlewares/ST/ARM/DSP/Lib\libarm_cortexM4lf_math.a(arm_cfft_radix8_f32.o)
 .ARM.attributes
                0x0000000000000454       0x34 C:/ST/STM32CubeIDE_1.13.2/STM32CubeIDE/plugins/com.st.stm32cube.ide.mcu.externaltools.gnu-tools-for-stm32.11.3.rel1.win32_1.1.1.202309131626/tools/bin/../lib/gcc/arm-none-eabi/11.3.1/../../../../arm-none-eabi/lib/thumb/v7e-m+fp/hard\libc_nano.a(libc_a-findfp.o)
 .ARM.attributes
                0x0000000000000488       0x34 C:/ST/STM32CubeIDE_1.13.2/STM32CubeIDE/plugins/com.st.stm32cube.ide.mcu.externaltools.gnu-tools-for-stm32.11.3.rel1.win32_1.1.1.202309131626/tools/bin/../lib/gcc/arm-none-eabi/11.3.1/../../../../arm-none-eabi/lib/thumb/v7e-m+fp/hard\libc_nano.a(libc_a-memset.o)
 .ARM.attributes
                0x00000000000004bc       0x34 C:/ST/STM32CubeIDE_1.13.2/STM32CubeIDE/plugins/com.st.stm32cube.ide.mcu.externaltools.gnu-tools-for-stm32.11.3.rel1.win32_1.1.1.202309131626/tools/bin/../lib/gcc/arm-none-eabi/11.3.1/../../../../arm-none-eabi/lib/thumb/v7e-m+fp/hard\libc_nano.a(libc_a-impure.o)
 .ARM.attributes
                0x00000000000004f0       0x34 C:/ST/STM32CubeIDE_1.13.2/STM32CubeIDE/plugins/com.st.stm32cube.ide.mcu.externaltools.gnu-tools-for-stm32.11.3.rel1.win32_1.1.1.202309131626/tools/bin/../lib/gcc/arm-none-eabi/11.3.1/../../../../arm-none-eabi/lib/thumb/v7e-m+fp/hard\libc_nano.a(libc_a-errno.o)
 .ARM.attributes
                0x0000000000000524       0x34 C:/ST/STM32CubeIDE_1.13.2/STM32CubeIDE/plugins/com.st.stm32cube.ide.mcu.externaltools.gnu-tools-for-stm32.11.3.rel1.win32_1.1.1.202309131626/tools/bin/../lib/gcc/arm-none-eabi/11.3.1/../../../../arm-none-eabi/lib/thumb/v7e-m+fp/hard\libc_nano.a(libc_a-init.o)
 .ARM.attributes
                0x0000000000000558       0x34 C:/ST/STM32CubeIDE_1.13.2/STM32CubeIDE/plugins/com.st.stm32cube.ide.mcu.externaltools.gnu-tools-for-stm32.11.3.rel1.win32_1.1.1.202309131626/tools/bin/../lib/gcc/arm-none-eabi/11.3.1/../../../../arm-none-eabi/lib/thumb/v7e-m+fp/hard\libm.a(libm_a-w_sqrt.o)
 .ARM.attributes
                0x000000000000058c       0x34 C:/ST/STM32CubeIDE_1.13.2/STM32CubeIDE/plugins/com.st.stm32cube.ide.mcu.externaltools.gnu-tools-for-stm32.11.3.rel1.win32_1.1.1.202309131626/tools/bin/../lib/gcc/arm-none-eabi/11.3.1/../../../../arm-none-eabi/lib/thumb/v7e-m+fp/hard\libm.a(libm_a-e_sqrt.o)
 .ARM.attributes
                0x00000000000005c0       0x1e C:/ST/STM32CubeIDE_1.13.2/STM32CubeIDE/plugins/com.st.stm32cube.ide.mcu.externaltools.gnu-tools-for-stm32.11.3.rel1.win32_1.1.1.202309131626/tools/bin/../lib/gcc/arm-none-eabi/11.3.1/thumb/v7e-m+fp/hard\libgcc.a(_arm_addsubdf3.o)
 .ARM.attributes
                0x00000000000005de       0x1e C:/ST/STM32CubeIDE_1.13.2/STM32CubeIDE/plugins/com.st.stm32cube.ide.mcu.externaltools.gnu-tools-for-stm32.11.3.rel1.win32_1.1.1.202309131626/tools/bin/../lib/gcc/arm-none-eabi/11.3.1/thumb/v7e-m+fp/hard\libgcc.a(_arm_muldivdf3.o)
 .ARM.attributes
                0x00000000000005fc       0x1e C:/ST/STM32CubeIDE_1.13.2/STM32CubeIDE/plugins/com.st.stm32cube.ide.mcu.externaltools.gnu-tools-for-stm32.11.3.rel1.win32_1.1.1.202309131626/tools/bin/../lib/gcc/arm-none-eabi/11.3.1/thumb/v7e-m+fp/hard\libgcc.a(_arm_cmpdf2.o)
 .ARM.attributes
                0x000000000000061a       0x1e C:/ST/STM32CubeIDE_1.13.2/STM32CubeIDE/plugins/com.st.stm32cube.ide.mcu.externaltools.gnu-tools-for-stm32.11.3.rel1.win32_1.1.1.202309131626/tools/bin/../lib/gcc/arm-none-eabi/11.3.1/thumb/v7e-m+fp/hard\libgcc.a(_arm_unorddf2.o)
 .ARM.attributes
                0x0000000000000638       0x1e C:/ST/STM32CubeIDE_1.13.2/STM32CubeIDE/plugins/com.st.stm32cube.ide.mcu.externaltools.gnu-tools-for-stm32.11.3.rel1.win32_1.1.1.202309131626/tools/bin/../lib/gcc/arm-none-eabi/11.3.1/thumb/v7e-m+fp/hard\libgcc.a(_arm_truncdfsf2.o)
 .ARM.attributes
                0x0000000000000656       0x1e C:/ST/STM32CubeIDE_1.13.2/STM32CubeIDE/plugins/com.st.stm32cube.ide.mcu.externaltools.gnu-tools-for-stm32.11.3.rel1.win32_1.1.1.202309131626/tools/bin/../lib/gcc/arm-none-eabi/11.3.1/thumb/v7e-m+fp/hard\libgcc.a(_aeabi_uldivmod.o)
 .ARM.attributes
                0x0000000000000674       0x34 C:/ST/STM32CubeIDE_1.13.2/STM32CubeIDE/plugins/com.st.stm32cube.ide.mcu.externaltools.gnu-tools-for-stm32.11.3.rel1.win32_1.1.1.202309131626/tools/bin/../lib/gcc/arm-none-eabi/11.3.1/thumb/v7e-m+fp/hard\libgcc.a(_udivmoddi4.o)
 .ARM.attributes
                0x00000000000006a8       0x1e C:/ST/STM32CubeIDE_1.13.2/STM32CubeIDE/plugins/com.st.stm32cube.ide.mcu.externaltools.gnu-tools-for-stm32.11.3.rel1.win32_1.1.1.202309131626/tools/bin/../lib/gcc/arm-none-eabi/11.3.1/thumb/v7e-m+fp/hard\libgcc.a(_dvmd_tls.o)
 .ARM.attributes
                0x00000000000006c6       0x1e C:/ST/STM32CubeIDE_1.13.2/STM32CubeIDE/plugins/com.st.stm32cube.ide.mcu.externaltools.gnu-tools-for-stm32.11.3.rel1.win32_1.1.1.202309131626/tools/bin/../lib/gcc/arm-none-eabi/11.3.1/thumb/v7e-m+fp/hard/crtn.o
OUTPUT(Progetto_Finale_Nucleo.elf elf32-littlearm)
LOAD linker stubs
LOAD C:/ST/STM32CubeIDE_1.13.2/STM32CubeIDE/plugins/com.st.stm32cube.ide.mcu.externaltools.gnu-tools-for-stm32.11.3.rel1.win32_1.1.1.202309131626/tools/bin/../lib/gcc/arm-none-eabi/11.3.1/../../../../arm-none-eabi/lib/thumb/v7e-m+fp/hard\libc.a
LOAD C:/ST/STM32CubeIDE_1.13.2/STM32CubeIDE/plugins/com.st.stm32cube.ide.mcu.externaltools.gnu-tools-for-stm32.11.3.rel1.win32_1.1.1.202309131626/tools/bin/../lib/gcc/arm-none-eabi/11.3.1/../../../../arm-none-eabi/lib/thumb/v7e-m+fp/hard\libm.a
LOAD C:/ST/STM32CubeIDE_1.13.2/STM32CubeIDE/plugins/com.st.stm32cube.ide.mcu.externaltools.gnu-tools-for-stm32.11.3.rel1.win32_1.1.1.202309131626/tools/bin/../lib/gcc/arm-none-eabi/11.3.1/thumb/v7e-m+fp/hard\libgcc.a

.comment        0x0000000000000000       0xb8
 .comment       0x0000000000000000       0x43 C:/ST/STM32CubeIDE_1.13.2/STM32CubeIDE/plugins/com.st.stm32cube.ide.mcu.externaltools.gnu-tools-for-stm32.11.3.rel1.win32_1.1.1.202309131626/tools/bin/../lib/gcc/arm-none-eabi/11.3.1/thumb/v7e-m+fp/hard/crtbegin.o
                                         0x44 (size before relaxing)
 .comment       0x0000000000000043       0x44 ./Core/Src/main.o
 .comment       0x0000000000000043       0x44 ./Core/Src/stm32f4xx_hal_msp.o
 .comment       0x0000000000000043       0x44 ./Core/Src/stm32f4xx_it.o
 .comment       0x0000000000000043       0x44 ./Core/Src/system_stm32f4xx.o
 .comment       0x0000000000000043       0x44 ./Drivers/STM32F4xx_HAL_Driver/Src/stm32f4xx_hal.o
 .comment       0x0000000000000043       0x44 ./Drivers/STM32F4xx_HAL_Driver/Src/stm32f4xx_hal_adc.o
 .comment       0x0000000000000043       0x44 ./Drivers/STM32F4xx_HAL_Driver/Src/stm32f4xx_hal_adc_ex.o
 .comment       0x0000000000000043       0x44 ./Drivers/STM32F4xx_HAL_Driver/Src/stm32f4xx_hal_cortex.o
 .comment       0x0000000000000043       0x44 ./Drivers/STM32F4xx_HAL_Driver/Src/stm32f4xx_hal_gpio.o
 .comment       0x0000000000000043       0x44 ./Drivers/STM32F4xx_HAL_Driver/Src/stm32f4xx_hal_rcc.o
 .comment       0x0000000000000043       0x44 ./Drivers/STM32F4xx_HAL_Driver/Src/stm32f4xx_hal_tim.o
 .comment       0x0000000000000043       0x44 ./Drivers/STM32F4xx_HAL_Driver/Src/stm32f4xx_hal_tim_ex.o
 .comment       0x0000000000000043       0x44 ./Drivers/STM32F4xx_HAL_Driver/Src/stm32f4xx_hal_uart.o
 .comment       0x0000000000000043       0x75 ../Middlewares/ST/ARM/DSP/Lib\libarm_cortexM4lf_math.a(arm_rfft_fast_init_f32.o)
                                         0x76 (size before relaxing)
 .comment       0x00000000000000b8       0x76 ../Middlewares/ST/ARM/DSP/Lib\libarm_cortexM4lf_math.a(arm_rfft_fast_f32.o)
 .comment       0x00000000000000b8       0x76 ../Middlewares/ST/ARM/DSP/Lib\libarm_cortexM4lf_math.a(arm_cfft_f32.o)
 .comment       0x00000000000000b8       0x76 ../Middlewares/ST/ARM/DSP/Lib\libarm_cortexM4lf_math.a(arm_bitreversal2.o)
 .comment       0x00000000000000b8       0x76 ../Middlewares/ST/ARM/DSP/Lib\libarm_cortexM4lf_math.a(arm_common_tables.o)
 .comment       0x00000000000000b8       0x76 ../Middlewares/ST/ARM/DSP/Lib\libarm_cortexM4lf_math.a(arm_cfft_radix8_f32.o)

.debug_info     0x0000000000000000    0x1669b
 .debug_info    0x0000000000000000     0x1602 ./Core/Src/main.o
 .debug_info    0x0000000000001602     0x119c ./Core/Src/stm32f4xx_hal_msp.o
 .debug_info    0x000000000000279e      0x95d ./Core/Src/stm32f4xx_it.o
 .debug_info    0x00000000000030fb      0x53e ./Core/Src/system_stm32f4xx.o
 .debug_info    0x0000000000003639       0x23 ./Core/Startup/startup_stm32f401retx.o
 .debug_info    0x000000000000365c      0x8bb ./Drivers/STM32F4xx_HAL_Driver/Src/stm32f4xx_hal.o
 .debug_info    0x0000000000003f17      0xcd1 ./Drivers/STM32F4xx_HAL_Driver/Src/stm32f4xx_hal_adc.o
 .debug_info    0x0000000000004be8      0xb56 ./Drivers/STM32F4xx_HAL_Driver/Src/stm32f4xx_hal_adc_ex.o
 .debug_info    0x000000000000573e      0xcb0 ./Drivers/STM32F4xx_HAL_Driver/Src/stm32f4xx_hal_cortex.o
 .debug_info    0x00000000000063ee      0x6f9 ./Drivers/STM32F4xx_HAL_Driver/Src/stm32f4xx_hal_gpio.o
 .debug_info    0x0000000000006ae7      0x8f3 ./Drivers/STM32F4xx_HAL_Driver/Src/stm32f4xx_hal_rcc.o
 .debug_info    0x00000000000073da     0x2941 ./Drivers/STM32F4xx_HAL_Driver/Src/stm32f4xx_hal_tim.o
 .debug_info    0x0000000000009d1b     0x14a7 ./Drivers/STM32F4xx_HAL_Driver/Src/stm32f4xx_hal_tim_ex.o
 .debug_info    0x000000000000b1c2     0x2fbf ./Drivers/STM32F4xx_HAL_Driver/Src/stm32f4xx_hal_uart.o
 .debug_info    0x000000000000e181     0x192a ../Middlewares/ST/ARM/DSP/Lib\libarm_cortexM4lf_math.a(arm_rfft_fast_init_f32.o)
 .debug_info    0x000000000000faab      0xf91 ../Middlewares/ST/ARM/DSP/Lib\libarm_cortexM4lf_math.a(arm_rfft_fast_f32.o)
 .debug_info    0x0000000000010a3c     0x1c5b ../Middlewares/ST/ARM/DSP/Lib\libarm_cortexM4lf_math.a(arm_cfft_f32.o)
 .debug_info    0x0000000000012697     0x16a6 ../Middlewares/ST/ARM/DSP/Lib\libarm_cortexM4lf_math.a(arm_bitreversal2.o)
 .debug_info    0x0000000000013d3d     0x1a84 ../Middlewares/ST/ARM/DSP/Lib\libarm_cortexM4lf_math.a(arm_common_tables.o)
 .debug_info    0x00000000000157c1      0xeda ../Middlewares/ST/ARM/DSP/Lib\libarm_cortexM4lf_math.a(arm_cfft_radix8_f32.o)

.debug_abbrev   0x0000000000000000     0x2c4e
 .debug_abbrev  0x0000000000000000      0x314 ./Core/Src/main.o
 .debug_abbrev  0x0000000000000314      0x1de ./Core/Src/stm32f4xx_hal_msp.o
 .debug_abbrev  0x00000000000004f2      0x1a8 ./Core/Src/stm32f4xx_it.o
 .debug_abbrev  0x000000000000069a      0x11a ./Core/Src/system_stm32f4xx.o
 .debug_abbrev  0x00000000000007b4       0x12 ./Core/Startup/startup_stm32f401retx.o
 .debug_abbrev  0x00000000000007c6      0x24b ./Drivers/STM32F4xx_HAL_Driver/Src/stm32f4xx_hal.o
 .debug_abbrev  0x0000000000000a11      0x20e ./Drivers/STM32F4xx_HAL_Driver/Src/stm32f4xx_hal_adc.o
 .debug_abbrev  0x0000000000000c1f      0x22c ./Drivers/STM32F4xx_HAL_Driver/Src/stm32f4xx_hal_adc_ex.o
 .debug_abbrev  0x0000000000000e4b      0x327 ./Drivers/STM32F4xx_HAL_Driver/Src/stm32f4xx_hal_cortex.o
 .debug_abbrev  0x0000000000001172      0x1d3 ./Drivers/STM32F4xx_HAL_Driver/Src/stm32f4xx_hal_gpio.o
 .debug_abbrev  0x0000000000001345      0x2b5 ./Drivers/STM32F4xx_HAL_Driver/Src/stm32f4xx_hal_rcc.o
 .debug_abbrev  0x00000000000015fa      0x284 ./Drivers/STM32F4xx_HAL_Driver/Src/stm32f4xx_hal_tim.o
 .debug_abbrev  0x000000000000187e      0x28f ./Drivers/STM32F4xx_HAL_Driver/Src/stm32f4xx_hal_tim_ex.o
 .debug_abbrev  0x0000000000001b0d      0x31b ./Drivers/STM32F4xx_HAL_Driver/Src/stm32f4xx_hal_uart.o
 .debug_abbrev  0x0000000000001e28      0x2a0 ../Middlewares/ST/ARM/DSP/Lib\libarm_cortexM4lf_math.a(arm_rfft_fast_init_f32.o)
 .debug_abbrev  0x00000000000020c8      0x2b8 ../Middlewares/ST/ARM/DSP/Lib\libarm_cortexM4lf_math.a(arm_rfft_fast_f32.o)
 .debug_abbrev  0x0000000000002380      0x2e0 ../Middlewares/ST/ARM/DSP/Lib\libarm_cortexM4lf_math.a(arm_cfft_f32.o)
 .debug_abbrev  0x0000000000002660      0x206 ../Middlewares/ST/ARM/DSP/Lib\libarm_cortexM4lf_math.a(arm_bitreversal2.o)
 .debug_abbrev  0x0000000000002866      0x1dd ../Middlewares/ST/ARM/DSP/Lib\libarm_cortexM4lf_math.a(arm_common_tables.o)
 .debug_abbrev  0x0000000000002a43      0x20b ../Middlewares/ST/ARM/DSP/Lib\libarm_cortexM4lf_math.a(arm_cfft_radix8_f32.o)

.debug_aranges  0x0000000000000000      0xe30
 .debug_aranges
                0x0000000000000000       0x68 ./Core/Src/main.o
 .debug_aranges
                0x0000000000000068       0x50 ./Core/Src/stm32f4xx_hal_msp.o
 .debug_aranges
                0x00000000000000b8       0x70 ./Core/Src/stm32f4xx_it.o
 .debug_aranges
                0x0000000000000128       0x28 ./Core/Src/system_stm32f4xx.o
 .debug_aranges
                0x0000000000000150       0x28 ./Core/Startup/startup_stm32f401retx.o
 .debug_aranges
                0x0000000000000178       0xf0 ./Drivers/STM32F4xx_HAL_Driver/Src/stm32f4xx_hal.o
 .debug_aranges
                0x0000000000000268       0xe8 ./Drivers/STM32F4xx_HAL_Driver/Src/stm32f4xx_hal_adc.o
 .debug_aranges
                0x0000000000000350       0x90 ./Drivers/STM32F4xx_HAL_Driver/Src/stm32f4xx_hal_adc_ex.o
 .debug_aranges
                0x00000000000003e0      0x118 ./Drivers/STM32F4xx_HAL_Driver/Src/stm32f4xx_hal_cortex.o
 .debug_aranges
                0x00000000000004f8       0x58 ./Drivers/STM32F4xx_HAL_Driver/Src/stm32f4xx_hal_gpio.o
 .debug_aranges
                0x0000000000000550       0x88 ./Drivers/STM32F4xx_HAL_Driver/Src/stm32f4xx_hal_rcc.o
 .debug_aranges
                0x00000000000005d8      0x3d0 ./Drivers/STM32F4xx_HAL_Driver/Src/stm32f4xx_hal_tim.o
 .debug_aranges
                0x00000000000009a8      0x168 ./Drivers/STM32F4xx_HAL_Driver/Src/stm32f4xx_hal_tim_ex.o
 .debug_aranges
                0x0000000000000b10      0x200 ./Drivers/STM32F4xx_HAL_Driver/Src/stm32f4xx_hal_uart.o
 .debug_aranges
                0x0000000000000d10       0x60 ../Middlewares/ST/ARM/DSP/Lib\libarm_cortexM4lf_math.a(arm_rfft_fast_init_f32.o)
 .debug_aranges
                0x0000000000000d70       0x30 ../Middlewares/ST/ARM/DSP/Lib\libarm_cortexM4lf_math.a(arm_rfft_fast_f32.o)
 .debug_aranges
                0x0000000000000da0       0x30 ../Middlewares/ST/ARM/DSP/Lib\libarm_cortexM4lf_math.a(arm_cfft_f32.o)
 .debug_aranges
                0x0000000000000dd0       0x28 ../Middlewares/ST/ARM/DSP/Lib\libarm_cortexM4lf_math.a(arm_bitreversal2.o)
 .debug_aranges
                0x0000000000000df8       0x18 ../Middlewares/ST/ARM/DSP/Lib\libarm_cortexM4lf_math.a(arm_common_tables.o)
 .debug_aranges
                0x0000000000000e10       0x20 ../Middlewares/ST/ARM/DSP/Lib\libarm_cortexM4lf_math.a(arm_cfft_radix8_f32.o)

.debug_rnglists
                0x0000000000000000      0xa47
 .debug_rnglists
                0x0000000000000000       0x4e ./Core/Src/main.o
 .debug_rnglists
                0x000000000000004e       0x39 ./Core/Src/stm32f4xx_hal_msp.o
 .debug_rnglists
                0x0000000000000087       0x4f ./Core/Src/stm32f4xx_it.o
 .debug_rnglists
                0x00000000000000d6       0x1a ./Core/Src/system_stm32f4xx.o
 .debug_rnglists
                0x00000000000000f0       0x19 ./Core/Startup/startup_stm32f401retx.o
 .debug_rnglists
                0x0000000000000109       0xaf ./Drivers/STM32F4xx_HAL_Driver/Src/stm32f4xx_hal.o
 .debug_rnglists
                0x00000000000001b8       0xb5 ./Drivers/STM32F4xx_HAL_Driver/Src/stm32f4xx_hal_adc.o
 .debug_rnglists
                0x000000000000026d       0x71 ./Drivers/STM32F4xx_HAL_Driver/Src/stm32f4xx_hal_adc_ex.o
 .debug_rnglists
                0x00000000000002de       0xce ./Drivers/STM32F4xx_HAL_Driver/Src/stm32f4xx_hal_cortex.o
 .debug_rnglists
                0x00000000000003ac       0x3f ./Drivers/STM32F4xx_HAL_Driver/Src/stm32f4xx_hal_gpio.o
 .debug_rnglists
                0x00000000000003eb       0x66 ./Drivers/STM32F4xx_HAL_Driver/Src/stm32f4xx_hal_rcc.o
 .debug_rnglists
                0x0000000000000451      0x31a ./Drivers/STM32F4xx_HAL_Driver/Src/stm32f4xx_hal_tim.o
 .debug_rnglists
                0x000000000000076b      0x125 ./Drivers/STM32F4xx_HAL_Driver/Src/stm32f4xx_hal_tim_ex.o
 .debug_rnglists
                0x0000000000000890      0x1b7 ./Drivers/STM32F4xx_HAL_Driver/Src/stm32f4xx_hal_uart.o

.debug_macro    0x0000000000000000    0x17761
 .debug_macro   0x0000000000000000      0x346 ./Core/Src/main.o
 .debug_macro   0x0000000000000346      0xaae ./Core/Src/main.o
 .debug_macro   0x0000000000000df4      0x2a1 ./Core/Src/main.o
 .debug_macro   0x0000000000001095       0x2e ./Core/Src/main.o
 .debug_macro   0x00000000000010c3       0x28 ./Core/Src/main.o
 .debug_macro   0x00000000000010eb       0x22 ./Core/Src/main.o
 .debug_macro   0x000000000000110d       0x8e ./Core/Src/main.o
 .debug_macro   0x000000000000119b       0x51 ./Core/Src/main.o
 .debug_macro   0x00000000000011ec      0x103 ./Core/Src/main.o
 .debug_macro   0x00000000000012ef       0x6a ./Core/Src/main.o
 .debug_macro   0x0000000000001359      0x1df ./Core/Src/main.o
 .debug_macro   0x0000000000001538       0x1c ./Core/Src/main.o
 .debug_macro   0x0000000000001554       0x22 ./Core/Src/main.o
 .debug_macro   0x0000000000001576       0xd9 ./Core/Src/main.o
 .debug_macro   0x000000000000164f     0x102d ./Core/Src/main.o
 .debug_macro   0x000000000000267c      0x11f ./Core/Src/main.o
 .debug_macro   0x000000000000279b     0xb86c ./Core/Src/main.o
 .debug_macro   0x000000000000e007       0x6d ./Core/Src/main.o
 .debug_macro   0x000000000000e074     0x367e ./Core/Src/main.o
 .debug_macro   0x00000000000116f2      0x174 ./Core/Src/main.o
 .debug_macro   0x0000000000011866       0x5c ./Core/Src/main.o
 .debug_macro   0x00000000000118c2      0x416 ./Core/Src/main.o
 .debug_macro   0x0000000000011cd8      0x9fe ./Core/Src/main.o
 .debug_macro   0x00000000000126d6      0x115 ./Core/Src/main.o
 .debug_macro   0x00000000000127eb       0xf8 ./Core/Src/main.o
 .debug_macro   0x00000000000128e3       0xa5 ./Core/Src/main.o
 .debug_macro   0x0000000000012988      0x15f ./Core/Src/main.o
 .debug_macro   0x0000000000012ae7      0x287 ./Core/Src/main.o
 .debug_macro   0x0000000000012d6e       0x5f ./Core/Src/main.o
 .debug_macro   0x0000000000012dcd      0x236 ./Core/Src/main.o
 .debug_macro   0x0000000000013003      0x9e1 ./Core/Src/main.o
 .debug_macro   0x00000000000139e4      0x38b ./Core/Src/main.o
 .debug_macro   0x0000000000013d6f      0x176 ./Core/Src/main.o
 .debug_macro   0x0000000000013ee5       0xf9 ./Core/Src/main.o
 .debug_macro   0x0000000000013fde      0x132 ./Core/Src/main.o
 .debug_macro   0x0000000000014110      0x264 ./Core/Src/main.o
 .debug_macro   0x0000000000014374       0x2e ./Core/Src/main.o
 .debug_macro   0x00000000000143a2      0x11a ./Core/Src/main.o
 .debug_macro   0x00000000000144bc       0x85 ./Core/Src/main.o
 .debug_macro   0x0000000000014541       0x89 ./Core/Src/main.o
 .debug_macro   0x00000000000145ca      0x8e6 ./Core/Src/main.o
 .debug_macro   0x0000000000014eb0       0x47 ./Core/Src/main.o
 .debug_macro   0x0000000000014ef7      0x295 ./Core/Src/main.o
 .debug_macro   0x000000000001518c      0x126 ./Core/Src/main.o
 .debug_macro   0x00000000000152b2       0x58 ./Core/Src/main.o
 .debug_macro   0x000000000001530a       0x61 ./Core/Src/main.o
 .debug_macro   0x000000000001536b       0x2a ./Core/Src/main.o
 .debug_macro   0x0000000000015395       0x43 ./Core/Src/main.o
 .debug_macro   0x00000000000153d8       0x34 ./Core/Src/main.o
 .debug_macro   0x000000000001540c       0x16 ./Core/Src/main.o
 .debug_macro   0x0000000000015422       0x35 ./Core/Src/main.o
 .debug_macro   0x0000000000015457      0x369 ./Core/Src/main.o
 .debug_macro   0x00000000000157c0       0x10 ./Core/Src/main.o
 .debug_macro   0x00000000000157d0       0x16 ./Core/Src/main.o
 .debug_macro   0x00000000000157e6       0x43 ./Core/Src/main.o
 .debug_macro   0x0000000000015829       0x34 ./Core/Src/main.o
 .debug_macro   0x000000000001585d       0x10 ./Core/Src/main.o
 .debug_macro   0x000000000001586d       0x58 ./Core/Src/main.o
 .debug_macro   0x00000000000158c5       0x8e ./Core/Src/main.o
 .debug_macro   0x0000000000015953       0x1c ./Core/Src/main.o
 .debug_macro   0x000000000001596f      0x177 ./Core/Src/main.o
 .debug_macro   0x0000000000015ae6       0x16 ./Core/Src/main.o
 .debug_macro   0x0000000000015afc       0x16 ./Core/Src/main.o
 .debug_macro   0x0000000000015b12      0x147 ./Core/Src/main.o
 .debug_macro   0x0000000000015c59       0x12 ./Core/Src/main.o
 .debug_macro   0x0000000000015c6b       0x12 ./Core/Src/main.o
 .debug_macro   0x0000000000015c7d       0x16 ./Core/Src/main.o
 .debug_macro   0x0000000000015c93       0x20 ./Core/Src/main.o
 .debug_macro   0x0000000000015cb3      0x19b ./Core/Src/main.o
 .debug_macro   0x0000000000015e4e       0xd6 ./Core/Src/main.o
 .debug_macro   0x0000000000015f24      0x205 ./Core/Src/stm32f4xx_hal_msp.o
 .debug_macro   0x0000000000016129      0x20f ./Core/Src/stm32f4xx_it.o
 .debug_macro   0x0000000000016338      0x1f6 ./Core/Src/system_stm32f4xx.o
 .debug_macro   0x000000000001652e      0x256 ./Drivers/STM32F4xx_HAL_Driver/Src/stm32f4xx_hal.o
 .debug_macro   0x0000000000016784      0x1f7 ./Drivers/STM32F4xx_HAL_Driver/Src/stm32f4xx_hal_adc.o
 .debug_macro   0x000000000001697b      0x1f6 ./Drivers/STM32F4xx_HAL_Driver/Src/stm32f4xx_hal_adc_ex.o
 .debug_macro   0x0000000000016b71      0x1f6 ./Drivers/STM32F4xx_HAL_Driver/Src/stm32f4xx_hal_cortex.o
 .debug_macro   0x0000000000016d67      0x1fc ./Drivers/STM32F4xx_HAL_Driver/Src/stm32f4xx_hal_gpio.o
 .debug_macro   0x0000000000016f63      0x21a ./Drivers/STM32F4xx_HAL_Driver/Src/stm32f4xx_hal_rcc.o
 .debug_macro   0x000000000001717d      0x1f7 ./Drivers/STM32F4xx_HAL_Driver/Src/stm32f4xx_hal_tim.o
 .debug_macro   0x0000000000017374      0x1f6 ./Drivers/STM32F4xx_HAL_Driver/Src/stm32f4xx_hal_tim_ex.o
 .debug_macro   0x000000000001756a      0x1f7 ./Drivers/STM32F4xx_HAL_Driver/Src/stm32f4xx_hal_uart.o

.debug_line     0x0000000000000000    0x11efc
 .debug_line    0x0000000000000000      0xc37 ./Core/Src/main.o
 .debug_line    0x0000000000000c37      0x861 ./Core/Src/stm32f4xx_hal_msp.o
 .debug_line    0x0000000000001498      0x880 ./Core/Src/stm32f4xx_it.o
 .debug_line    0x0000000000001d18      0x80f ./Core/Src/system_stm32f4xx.o
 .debug_line    0x0000000000002527       0x7a ./Core/Startup/startup_stm32f401retx.o
 .debug_line    0x00000000000025a1      0xa75 ./Drivers/STM32F4xx_HAL_Driver/Src/stm32f4xx_hal.o
 .debug_line    0x0000000000003016     0x1213 ./Drivers/STM32F4xx_HAL_Driver/Src/stm32f4xx_hal_adc.o
 .debug_line    0x0000000000004229      0xf2c ./Drivers/STM32F4xx_HAL_Driver/Src/stm32f4xx_hal_adc_ex.o
 .debug_line    0x0000000000005155      0xd24 ./Drivers/STM32F4xx_HAL_Driver/Src/stm32f4xx_hal_cortex.o
 .debug_line    0x0000000000005e79      0xbad ./Drivers/STM32F4xx_HAL_Driver/Src/stm32f4xx_hal_gpio.o
 .debug_line    0x0000000000006a26      0xdee ./Drivers/STM32F4xx_HAL_Driver/Src/stm32f4xx_hal_rcc.o
 .debug_line    0x0000000000007814     0x353b ./Drivers/STM32F4xx_HAL_Driver/Src/stm32f4xx_hal_tim.o
 .debug_line    0x000000000000ad4f     0x1a0d ./Drivers/STM32F4xx_HAL_Driver/Src/stm32f4xx_hal_tim_ex.o
 .debug_line    0x000000000000c75c     0x2b17 ./Drivers/STM32F4xx_HAL_Driver/Src/stm32f4xx_hal_uart.o
 .debug_line    0x000000000000f273      0x610 ../Middlewares/ST/ARM/DSP/Lib\libarm_cortexM4lf_math.a(arm_rfft_fast_init_f32.o)
 .debug_line    0x000000000000f883      0x4f8 ../Middlewares/ST/ARM/DSP/Lib\libarm_cortexM4lf_math.a(arm_rfft_fast_f32.o)
 .debug_line    0x000000000000fd7b      0xf14 ../Middlewares/ST/ARM/DSP/Lib\libarm_cortexM4lf_math.a(arm_cfft_f32.o)
 .debug_line    0x0000000000010c8f      0x353 ../Middlewares/ST/ARM/DSP/Lib\libarm_cortexM4lf_math.a(arm_bitreversal2.o)
 .debug_line    0x0000000000010fe2      0x243 ../Middlewares/ST/ARM/DSP/Lib\libarm_cortexM4lf_math.a(arm_common_tables.o)
 .debug_line    0x0000000000011225      0xcd7 ../Middlewares/ST/ARM/DSP/Lib\libarm_cortexM4lf_math.a(arm_cfft_radix8_f32.o)

.debug_str      0x0000000000000000    0x9a8c1
 .debug_str     0x0000000000000000    0x967ec ./Core/Src/main.o
                                      0x96bcb (size before relaxing)
 .debug_str     0x00000000000967ec      0x4a3 ./Core/Src/stm32f4xx_hal_msp.o
                                      0x925aa (size before relaxing)
 .debug_str     0x0000000000096c8f      0x108 ./Core/Src/stm32f4xx_it.o
                                      0x91e96 (size before relaxing)
 .debug_str     0x0000000000096d97       0xdb ./Core/Src/system_stm32f4xx.o
                                      0x91796 (size before relaxing)
 .debug_str     0x0000000000096e72       0x34 ./Core/Startup/startup_stm32f401retx.o
                                         0x7e (size before relaxing)
 .debug_str     0x0000000000096ea6      0x5f0 ./Drivers/STM32F4xx_HAL_Driver/Src/stm32f4xx_hal.o
                                      0x921b8 (size before relaxing)
 .debug_str     0x0000000000097496      0x275 ./Drivers/STM32F4xx_HAL_Driver/Src/stm32f4xx_hal_adc.o
                                      0x91d71 (size before relaxing)
 .debug_str     0x000000000009770b      0x2df ./Drivers/STM32F4xx_HAL_Driver/Src/stm32f4xx_hal_adc_ex.o
                                      0x91dc5 (size before relaxing)
 .debug_str     0x00000000000979ea      0x326 ./Drivers/STM32F4xx_HAL_Driver/Src/stm32f4xx_hal_cortex.o
                                      0x91ed9 (size before relaxing)
 .debug_str     0x0000000000097d10      0x10e ./Drivers/STM32F4xx_HAL_Driver/Src/stm32f4xx_hal_gpio.o
                                      0x91911 (size before relaxing)
 .debug_str     0x0000000000097e1e      0x233 ./Drivers/STM32F4xx_HAL_Driver/Src/stm32f4xx_hal_rcc.o
                                      0x91bca (size before relaxing)
 .debug_str     0x0000000000098051      0xe0f ./Drivers/STM32F4xx_HAL_Driver/Src/stm32f4xx_hal_tim.o
                                      0x92afe (size before relaxing)
 .debug_str     0x0000000000098e60      0x503 ./Drivers/STM32F4xx_HAL_Driver/Src/stm32f4xx_hal_tim_ex.o
                                      0x9231a (size before relaxing)
 .debug_str     0x0000000000099363      0x602 ./Drivers/STM32F4xx_HAL_Driver/Src/stm32f4xx_hal_uart.o
                                      0x92157 (size before relaxing)
 .debug_str     0x0000000000099965      0xcff ../Middlewares/ST/ARM/DSP/Lib\libarm_cortexM4lf_math.a(arm_rfft_fast_init_f32.o)
                                        0xf3b (size before relaxing)
 .debug_str     0x000000000009a664       0x74 ../Middlewares/ST/ARM/DSP/Lib\libarm_cortexM4lf_math.a(arm_rfft_fast_f32.o)
                                        0x739 (size before relaxing)
 .debug_str     0x000000000009a6d8      0x113 ../Middlewares/ST/ARM/DSP/Lib\libarm_cortexM4lf_math.a(arm_cfft_f32.o)
                                        0xe7e (size before relaxing)
 .debug_str     0x000000000009a7eb       0x5b ../Middlewares/ST/ARM/DSP/Lib\libarm_cortexM4lf_math.a(arm_bitreversal2.o)
                                        0xd76 (size before relaxing)
 .debug_str     0x000000000009a846       0x2e ../Middlewares/ST/ARM/DSP/Lib\libarm_cortexM4lf_math.a(arm_common_tables.o)
                                        0xd1d (size before relaxing)
 .debug_str     0x000000000009a874       0x4d ../Middlewares/ST/ARM/DSP/Lib\libarm_cortexM4lf_math.a(arm_cfft_radix8_f32.o)
                                        0x69b (size before relaxing)

.debug_frame    0x0000000000000000     0x3ea8
 .debug_frame   0x0000000000000000      0x160 ./Core/Src/main.o
 .debug_frame   0x0000000000000160      0x10c ./Core/Src/stm32f4xx_hal_msp.o
 .debug_frame   0x000000000000026c      0x13c ./Core/Src/stm32f4xx_it.o
 .debug_frame   0x00000000000003a8       0x58 ./Core/Src/system_stm32f4xx.o
 .debug_frame   0x0000000000000400      0x374 ./Drivers/STM32F4xx_HAL_Driver/Src/stm32f4xx_hal.o
 .debug_frame   0x0000000000000774      0x3fc ./Drivers/STM32F4xx_HAL_Driver/Src/stm32f4xx_hal_adc.o
 .debug_frame   0x0000000000000b70      0x250 ./Drivers/STM32F4xx_HAL_Driver/Src/stm32f4xx_hal_adc_ex.o
 .debug_frame   0x0000000000000dc0      0x498 ./Drivers/STM32F4xx_HAL_Driver/Src/stm32f4xx_hal_cortex.o
 .debug_frame   0x0000000000001258      0x14c ./Drivers/STM32F4xx_HAL_Driver/Src/stm32f4xx_hal_gpio.o
 .debug_frame   0x00000000000013a4      0x1f4 ./Drivers/STM32F4xx_HAL_Driver/Src/stm32f4xx_hal_rcc.o
 .debug_frame   0x0000000000001598     0x11bc ./Drivers/STM32F4xx_HAL_Driver/Src/stm32f4xx_hal_tim.o
 .debug_frame   0x0000000000002754      0x638 ./Drivers/STM32F4xx_HAL_Driver/Src/stm32f4xx_hal_tim_ex.o
 .debug_frame   0x0000000000002d8c      0x92c ./Drivers/STM32F4xx_HAL_Driver/Src/stm32f4xx_hal_uart.o
 .debug_frame   0x00000000000036b8      0x100 ../Middlewares/ST/ARM/DSP/Lib\libarm_cortexM4lf_math.a(arm_rfft_fast_init_f32.o)
 .debug_frame   0x00000000000037b8       0x7c ../Middlewares/ST/ARM/DSP/Lib\libarm_cortexM4lf_math.a(arm_rfft_fast_f32.o)
 .debug_frame   0x0000000000003834       0xfc ../Middlewares/ST/ARM/DSP/Lib\libarm_cortexM4lf_math.a(arm_cfft_f32.o)
 .debug_frame   0x0000000000003930       0x5c ../Middlewares/ST/ARM/DSP/Lib\libarm_cortexM4lf_math.a(arm_bitreversal2.o)
 .debug_frame   0x000000000000398c       0x94 ../Middlewares/ST/ARM/DSP/Lib\libarm_cortexM4lf_math.a(arm_cfft_radix8_f32.o)
 .debug_frame   0x0000000000003a20      0x144 C:/ST/STM32CubeIDE_1.13.2/STM32CubeIDE/plugins/com.st.stm32cube.ide.mcu.externaltools.gnu-tools-for-stm32.11.3.rel1.win32_1.1.1.202309131626/tools/bin/../lib/gcc/arm-none-eabi/11.3.1/../../../../arm-none-eabi/lib/thumb/v7e-m+fp/hard\libc_nano.a(libc_a-findfp.o)
 .debug_frame   0x0000000000003b64       0x20 C:/ST/STM32CubeIDE_1.13.2/STM32CubeIDE/plugins/com.st.stm32cube.ide.mcu.externaltools.gnu-tools-for-stm32.11.3.rel1.win32_1.1.1.202309131626/tools/bin/../lib/gcc/arm-none-eabi/11.3.1/../../../../arm-none-eabi/lib/thumb/v7e-m+fp/hard\libc_nano.a(libc_a-memset.o)
 .debug_frame   0x0000000000003b84       0x20 C:/ST/STM32CubeIDE_1.13.2/STM32CubeIDE/plugins/com.st.stm32cube.ide.mcu.externaltools.gnu-tools-for-stm32.11.3.rel1.win32_1.1.1.202309131626/tools/bin/../lib/gcc/arm-none-eabi/11.3.1/../../../../arm-none-eabi/lib/thumb/v7e-m+fp/hard\libc_nano.a(libc_a-errno.o)
 .debug_frame   0x0000000000003ba4       0x2c C:/ST/STM32CubeIDE_1.13.2/STM32CubeIDE/plugins/com.st.stm32cube.ide.mcu.externaltools.gnu-tools-for-stm32.11.3.rel1.win32_1.1.1.202309131626/tools/bin/../lib/gcc/arm-none-eabi/11.3.1/../../../../arm-none-eabi/lib/thumb/v7e-m+fp/hard\libc_nano.a(libc_a-init.o)
 .debug_frame   0x0000000000003bd0       0x3c C:/ST/STM32CubeIDE_1.13.2/STM32CubeIDE/plugins/com.st.stm32cube.ide.mcu.externaltools.gnu-tools-for-stm32.11.3.rel1.win32_1.1.1.202309131626/tools/bin/../lib/gcc/arm-none-eabi/11.3.1/../../../../arm-none-eabi/lib/thumb/v7e-m+fp/hard\libm.a(libm_a-w_sqrt.o)
 .debug_frame   0x0000000000003c0c       0x38 C:/ST/STM32CubeIDE_1.13.2/STM32CubeIDE/plugins/com.st.stm32cube.ide.mcu.externaltools.gnu-tools-for-stm32.11.3.rel1.win32_1.1.1.202309131626/tools/bin/../lib/gcc/arm-none-eabi/11.3.1/../../../../arm-none-eabi/lib/thumb/v7e-m+fp/hard\libm.a(libm_a-e_sqrt.o)
 .debug_frame   0x0000000000003c44       0xac C:/ST/STM32CubeIDE_1.13.2/STM32CubeIDE/plugins/com.st.stm32cube.ide.mcu.externaltools.gnu-tools-for-stm32.11.3.rel1.win32_1.1.1.202309131626/tools/bin/../lib/gcc/arm-none-eabi/11.3.1/thumb/v7e-m+fp/hard\libgcc.a(_arm_addsubdf3.o)
 .debug_frame   0x0000000000003cf0       0x50 C:/ST/STM32CubeIDE_1.13.2/STM32CubeIDE/plugins/com.st.stm32cube.ide.mcu.externaltools.gnu-tools-for-stm32.11.3.rel1.win32_1.1.1.202309131626/tools/bin/../lib/gcc/arm-none-eabi/11.3.1/thumb/v7e-m+fp/hard\libgcc.a(_arm_muldivdf3.o)
 .debug_frame   0x0000000000003d40       0xc4 C:/ST/STM32CubeIDE_1.13.2/STM32CubeIDE/plugins/com.st.stm32cube.ide.mcu.externaltools.gnu-tools-for-stm32.11.3.rel1.win32_1.1.1.202309131626/tools/bin/../lib/gcc/arm-none-eabi/11.3.1/thumb/v7e-m+fp/hard\libgcc.a(_arm_cmpdf2.o)
 .debug_frame   0x0000000000003e04       0x20 C:/ST/STM32CubeIDE_1.13.2/STM32CubeIDE/plugins/com.st.stm32cube.ide.mcu.externaltools.gnu-tools-for-stm32.11.3.rel1.win32_1.1.1.202309131626/tools/bin/../lib/gcc/arm-none-eabi/11.3.1/thumb/v7e-m+fp/hard\libgcc.a(_arm_unorddf2.o)
 .debug_frame   0x0000000000003e24       0x24 C:/ST/STM32CubeIDE_1.13.2/STM32CubeIDE/plugins/com.st.stm32cube.ide.mcu.externaltools.gnu-tools-for-stm32.11.3.rel1.win32_1.1.1.202309131626/tools/bin/../lib/gcc/arm-none-eabi/11.3.1/thumb/v7e-m+fp/hard\libgcc.a(_arm_truncdfsf2.o)
 .debug_frame   0x0000000000003e48       0x2c C:/ST/STM32CubeIDE_1.13.2/STM32CubeIDE/plugins/com.st.stm32cube.ide.mcu.externaltools.gnu-tools-for-stm32.11.3.rel1.win32_1.1.1.202309131626/tools/bin/../lib/gcc/arm-none-eabi/11.3.1/thumb/v7e-m+fp/hard\libgcc.a(_aeabi_uldivmod.o)
 .debug_frame   0x0000000000003e74       0x34 C:/ST/STM32CubeIDE_1.13.2/STM32CubeIDE/plugins/com.st.stm32cube.ide.mcu.externaltools.gnu-tools-for-stm32.11.3.rel1.win32_1.1.1.202309131626/tools/bin/../lib/gcc/arm-none-eabi/11.3.1/thumb/v7e-m+fp/hard\libgcc.a(_udivmoddi4.o)

.debug_line_str
                0x0000000000000000       0x72
 .debug_line_str
                0x0000000000000000       0x72 ./Core/Startup/startup_stm32f401retx.o
                                         0x8a (size before relaxing)

.debug_loc      0x0000000000000000     0x2f41
 .debug_loc     0x0000000000000000      0x67f ../Middlewares/ST/ARM/DSP/Lib\libarm_cortexM4lf_math.a(arm_rfft_fast_init_f32.o)
 .debug_loc     0x000000000000067f      0x9d7 ../Middlewares/ST/ARM/DSP/Lib\libarm_cortexM4lf_math.a(arm_rfft_fast_f32.o)
 .debug_loc     0x0000000000001056     0x1449 ../Middlewares/ST/ARM/DSP/Lib\libarm_cortexM4lf_math.a(arm_cfft_f32.o)
 .debug_loc     0x000000000000249f      0x1b3 ../Middlewares/ST/ARM/DSP/Lib\libarm_cortexM4lf_math.a(arm_bitreversal2.o)
 .debug_loc     0x0000000000002652      0x8ef ../Middlewares/ST/ARM/DSP/Lib\libarm_cortexM4lf_math.a(arm_cfft_radix8_f32.o)

.debug_ranges   0x0000000000000000       0xb8
 .debug_ranges  0x0000000000000000       0x50 ../Middlewares/ST/ARM/DSP/Lib\libarm_cortexM4lf_math.a(arm_rfft_fast_init_f32.o)
 .debug_ranges  0x0000000000000050       0x20 ../Middlewares/ST/ARM/DSP/Lib\libarm_cortexM4lf_math.a(arm_rfft_fast_f32.o)
 .debug_ranges  0x0000000000000070       0x20 ../Middlewares/ST/ARM/DSP/Lib\libarm_cortexM4lf_math.a(arm_cfft_f32.o)
 .debug_ranges  0x0000000000000090       0x18 ../Middlewares/ST/ARM/DSP/Lib\libarm_cortexM4lf_math.a(arm_bitreversal2.o)
 .debug_ranges  0x00000000000000a8       0x10 ../Middlewares/ST/ARM/DSP/Lib\libarm_cortexM4lf_math.a(arm_cfft_radix8_f32.o)
